Component: ARM Compiler 5.06 update 6 (build 750) Tool: armlink [4d35ed]

==============================================================================

Section Cross References

    startup_stm32f103xb.o(RESET) refers to startup_stm32f103xb.o(STACK) for __initial_sp
    startup_stm32f103xb.o(RESET) refers to startup_stm32f103xb.o(.text) for Reset_Handler
    startup_stm32f103xb.o(RESET) refers to stm32f1xx_it.o(i.NMI_Handler) for NMI_Handler
    startup_stm32f103xb.o(RESET) refers to stm32f1xx_it.o(i.HardFault_Handler) for HardFault_Handler
    startup_stm32f103xb.o(RESET) refers to stm32f1xx_it.o(i.MemManage_Handler) for MemManage_Handler
    startup_stm32f103xb.o(RESET) refers to stm32f1xx_it.o(i.BusFault_Handler) for BusFault_Handler
    startup_stm32f103xb.o(RESET) refers to stm32f1xx_it.o(i.UsageFault_Handler) for UsageFault_Handler
    startup_stm32f103xb.o(RESET) refers to stm32f1xx_it.o(i.SVC_Handler) for SVC_Handler
    startup_stm32f103xb.o(RESET) refers to stm32f1xx_it.o(i.DebugMon_Handler) for DebugMon_Handler
    startup_stm32f103xb.o(RESET) refers to stm32f1xx_it.o(i.PendSV_Handler) for PendSV_Handler
    startup_stm32f103xb.o(RESET) refers to stm32f1xx_it.o(i.SysTick_Handler) for SysTick_Handler
    startup_stm32f103xb.o(RESET) refers to stm32f1xx_it.o(i.TIM4_IRQHandler) for TIM4_IRQHandler
    startup_stm32f103xb.o(RESET) refers to usart.o(i.USART1_IRQHandler) for USART1_IRQHandler
    startup_stm32f103xb.o(.text) refers to system_stm32f1xx.o(i.SystemInit) for SystemInit
    startup_stm32f103xb.o(.text) refers to entry.o(.ARM.Collect$$$$00000000) for __main
    motor.o(i.MotorInit) refers to stm32f1xx_hal_tim.o(i.HAL_TIM_PWM_Start) for HAL_TIM_PWM_Start
    motor.o(i.MotorInit) refers to tim.o(.bss) for htim2
    pca9685.o(i.PCA9685_read) refers to i2c.o(i.IIC_Start) for IIC_Start
    pca9685.o(i.PCA9685_read) refers to i2c.o(i.IIC_Send_Byte) for IIC_Send_Byte
    pca9685.o(i.PCA9685_read) refers to i2c.o(i.IIC_Wait_Ack) for IIC_Wait_Ack
    pca9685.o(i.PCA9685_read) refers to i2c.o(i.IIC_Read_Byte) for IIC_Read_Byte
    pca9685.o(i.PCA9685_read) refers to i2c.o(i.IIC_Stop) for IIC_Stop
    pca9685.o(i.PCA9685_write) refers to i2c.o(i.IIC_Start) for IIC_Start
    pca9685.o(i.PCA9685_write) refers to i2c.o(i.IIC_Send_Byte) for IIC_Send_Byte
    pca9685.o(i.PCA9685_write) refers to i2c.o(i.IIC_Wait_Ack) for IIC_Wait_Ack
    pca9685.o(i.PCA9685_write) refers to i2c.o(i.IIC_Stop) for IIC_Stop
    pca9685.o(i.calculate_PWM) refers to dfltui.o(.text) for __aeabi_ui2d
    pca9685.o(i.calculate_PWM) refers to dmul.o(.text) for __aeabi_dmul
    pca9685.o(i.calculate_PWM) refers to ddiv.o(.text) for __aeabi_ddiv
    pca9685.o(i.calculate_PWM) refers to dadd.o(.text) for __aeabi_dadd
    pca9685.o(i.calculate_PWM) refers to dfixi.o(.text) for __aeabi_d2iz
    pca9685.o(i.down) refers to pca9685.o(i.calculate_PWM) for calculate_PWM
    pca9685.o(i.down) refers to pca9685.o(i.setPWM) for setPWM
    pca9685.o(i.down) refers to stm32f1xx_hal.o(i.HAL_Delay) for HAL_Delay
    pca9685.o(i.setPWM) refers to pca9685.o(i.PCA9685_write) for PCA9685_write
    pca9685.o(i.setPWMFreq) refers to dflti.o(.text) for __aeabi_i2d
    pca9685.o(i.setPWMFreq) refers to dmul.o(.text) for __aeabi_dmul
    pca9685.o(i.setPWMFreq) refers to ddiv.o(.text) for __aeabi_ddiv
    pca9685.o(i.setPWMFreq) refers to dadd.o(.text) for __aeabi_dadd
    pca9685.o(i.setPWMFreq) refers to floor.o(i.floor) for floor
    pca9685.o(i.setPWMFreq) refers to dfixui.o(.text) for __aeabi_d2uiz
    pca9685.o(i.setPWMFreq) refers to pca9685.o(i.PCA9685_read) for PCA9685_read
    pca9685.o(i.setPWMFreq) refers to pca9685.o(i.PCA9685_write) for PCA9685_write
    pca9685.o(i.setPWMFreq) refers to stm32f1xx_hal.o(i.HAL_Delay) for HAL_Delay
    pca9685.o(i.up) refers to pca9685.o(i.calculate_PWM) for calculate_PWM
    pca9685.o(i.up) refers to pca9685.o(i.setPWM) for setPWM
    pca9685.o(i.up) refers to stm32f1xx_hal.o(i.HAL_Delay) for HAL_Delay
    ps2.o(i.ClearData) refers to ps2.o(.bss) for PS2_Data
    ps2.o(i.IsPS2_OK) refers to ps2.o(.data) for connect_flag
    ps2.o(i.IsPushed) refers to ps2.o(.bss) for PS2_Data
    ps2.o(i.PS2_Cmd) refers to lib_common_1.o(i.delay_us) for delay_us
    ps2.o(i.PS2_Cmd) refers to ps2.o(.bss) for PS2_Data
    ps2.o(i.PS2_EnterConfig) refers to lib_common_1.o(i.delay_us) for delay_us
    ps2.o(i.PS2_EnterConfig) refers to ps2.o(i.PS2_Cmd) for PS2_Cmd
    ps2.o(i.PS2_ExitConfig) refers to lib_common_1.o(i.delay_us) for delay_us
    ps2.o(i.PS2_ExitConfig) refers to ps2.o(i.PS2_Cmd) for PS2_Cmd
    ps2.o(i.PS2_GetLX) refers to ps2.o(.bss) for PS2_Data
    ps2.o(i.PS2_GetLY) refers to ps2.o(.bss) for PS2_Data
    ps2.o(i.PS2_GetRX) refers to ps2.o(.bss) for PS2_Data
    ps2.o(i.PS2_GetRY) refers to ps2.o(.bss) for PS2_Data
    ps2.o(i.PS2_Init) refers to ps2.o(i.PS2_SetInit) for PS2_SetInit
    ps2.o(i.PS2_ReadData) refers to ps2.o(i.PS2_Cmd) for PS2_Cmd
[...]
    i.HAL_TIM_Base_Init                      0x0800205a   Section        0  stm32f1xx_hal_tim.o(i.HAL_TIM_Base_Init)
    i.HAL_TIM_Base_MspInit                   0x08002090   Section        0  tim.o(i.HAL_TIM_Base_MspInit)
    i.HAL_TIM_Base_Start                     0x080020c0   Section        0  stm32f1xx_hal_tim.o(i.HAL_TIM_Base_Start)
    i.HAL_TIM_Base_Start_IT                  0x080020de   Section        0  stm32f1xx_hal_tim.o(i.HAL_TIM_Base_Start_IT)
    i.HAL_TIM_Base_Stop                      0x080020fc   Section        0  stm32f1xx_hal_tim.o(i.HAL_TIM_Base_Stop)
    i.HAL_TIM_ConfigClockSource              0x08002134   Section        0  stm32f1xx_hal_tim.o(i.HAL_TIM_ConfigClockSource)
    i.HAL_TIM_IC_CaptureCallback             0x08002266   Section        0  stm32f1xx_hal_tim.o(i.HAL_TIM_IC_CaptureCallback)
    i.HAL_TIM_IRQHandler                     0x08002268   Section        0  stm32f1xx_hal_tim.o(i.HAL_TIM_IRQHandler)
    i.HAL_TIM_MspPostInit                    0x08002400   Section        0  tim.o(i.HAL_TIM_MspPostInit)
    i.HAL_TIM_OC_DelayElapsedCallback        0x08002470   Section        0  stm32f1xx_hal_tim.o(i.HAL_TIM_OC_DelayElapsedCallback)
    i.HAL_TIM_PWM_ConfigChannel              0x08002472   Section        0  stm32f1xx_hal_tim.o(i.HAL_TIM_PWM_ConfigChannel)
    i.HAL_TIM_PWM_Init                       0x0800257a   Section        0  stm32f1xx_hal_tim.o(i.HAL_TIM_PWM_Init)
    i.HAL_TIM_PWM_MspInit                    0x080025b0   Section        0  tim.o(i.HAL_TIM_PWM_MspInit)
    i.HAL_TIM_PWM_PulseFinishedCallback      0x080025dc   Section        0  stm32f1xx_hal_tim.o(i.HAL_TIM_PWM_PulseFinishedCallback)
    i.HAL_TIM_PWM_Start                      0x080025e0   Section        0  stm32f1xx_hal_tim.o(i.HAL_TIM_PWM_Start)
    i.HAL_TIM_PeriodElapsedCallback          0x08002620   Section        0  main.o(i.HAL_TIM_PeriodElapsedCallback)
    i.HAL_TIM_TriggerCallback                0x08002638   Section        0  stm32f1xx_hal_tim.o(i.HAL_TIM_TriggerCallback)
    i.HAL_UART_ErrorCallback                 0x0800263a   Section        0  stm32f1xx_hal_uart.o(i.HAL_UART_ErrorCallback)
    i.HAL_UART_GetState                      0x0800263c   Section        0  stm32f1xx_hal_uart.o(i.HAL_UART_GetState)
    i.HAL_UART_IRQHandler                    0x08002650   Section        0  stm32f1xx_hal_uart.o(i.HAL_UART_IRQHandler)
    i.HAL_UART_Init                          0x0800279c   Section        0  stm32f1xx_hal_uart.o(i.HAL_UART_Init)
    i.HAL_UART_MspInit                       0x08002810   Section        0  usart.o(i.HAL_UART_MspInit)
    i.HAL_UART_Receive_IT                    0x080028d8   Section        0  stm32f1xx_hal_uart.o(i.HAL_UART_Receive_IT)
    i.HAL_UART_RxCpltCallback                0x08002948   Section        0  usart.o(i.HAL_UART_RxCpltCallback)
    i.HAL_UART_TxCpltCallback                0x080029f0   Section        0  stm32f1xx_hal_uart.o(i.HAL_UART_TxCpltCallback)
    i.HardFault_Handler                      0x080029f2   Section        0  stm32f1xx_it.o(i.HardFault_Handler)
    i.IIC_Ack                                0x080029f8   Section        0  i2c.o(i.IIC_Ack)
    i.IIC_NAck                               0x08002a48   Section        0  i2c.o(i.IIC_NAck)
    i.IIC_Read_Byte                          0x08002a98   Section        0  i2c.o(i.IIC_Read_Byte)
    i.IIC_Send_Byte                          0x08002b08   Section        0  i2c.o(i.IIC_Send_Byte)
    i.IIC_Start                              0x08002b70   Section        0  i2c.o(i.IIC_Start)
    i.IIC_Stop                               0x08002bbc   Section        0  i2c.o(i.IIC_Stop)
    i.IIC_Wait_Ack                           0x08002c08   Section        0  i2c.o(i.IIC_Wait_Ack)
    i.IsPS2_OK                               0x08002c6c   Section        0  ps2.o(i.IsPS2_OK)
    i.IsPushed                               0x08002c78   Section        0  ps2.o(i.IsPushed)
    i.MX_GPIO_Init                           0x08002c98   Section        0  gpio.o(i.MX_GPIO_Init)
    i.MX_TIM2_Init                           0x08002d7c   Section        0  tim.o(i.MX_TIM2_Init)
    i.MX_TIM3_Init                           0x08002e04   Section        0  tim.o(i.MX_TIM3_Init)
    i.MX_USART1_UART_Init                    0x08002e70   Section        0  usart.o(i.MX_USART1_UART_Init)
    i.MemManage_Handler                      0x08002ea8   Section        0  stm32f1xx_it.o(i.MemManage_Handler)
    i.MotorInit                              0x08002eac   Section        0  motor.o(i.MotorInit)
    i.MotorSetPwm                            0x08002ec4   Section        0  motor.o(i.MotorSetPwm)
    i.MotorStop                              0x08002fc4   Section        0  motor.o(i.MotorStop)
    i.NMI_Handler                            0x0800302c   Section        0  stm32f1xx_it.o(i.NMI_Handler)
    i.NVIC_GetPriorityGrouping               0x08003030   Section        0  stm32f1xx_hal_cortex.o(i.NVIC_GetPriorityGrouping)
    NVIC_GetPriorityGrouping                 0x08003031   Thumb Code    10  stm32f1xx_hal_cortex.o(i.NVIC_GetPriorityGrouping)
    i.NVIC_SetPriority                       0x08003040   Section        0  stm32f1xx_hal_cortex.o(i.NVIC_SetPriority)
    NVIC_SetPriority                         0x08003041   Thumb Code    32  stm32f1xx_hal_cortex.o(i.NVIC_SetPriority)
    i.PCA9685_read                           0x08003068   Section        0  pca9685.o(i.PCA9685_read)
    i.PCA9685_write                          0x080030a2   Section        0  pca9685.o(i.PCA9685_write)
    i.PS2_Cmd                                0x080030d0   Section        0  ps2.o(i.PS2_Cmd)
    PS2_Cmd                                  0x080030d1   Thumb Code   124  ps2.o(i.PS2_Cmd)
    i.PS2_EnterConfig                        0x08003158   Section        0  ps2.o(i.PS2_EnterConfig)
    PS2_EnterConfig                          0x08003159   Thumb Code    84  ps2.o(i.PS2_EnterConfig)
    i.PS2_ExitConfig                         0x080031b4   Section        0  ps2.o(i.PS2_ExitConfig)
    PS2_ExitConfig                           0x080031b5   Thumb Code    84  ps2.o(i.PS2_ExitConfig)
    i.PS2_GetLX                              0x08003210   Section        0  ps2.o(i.PS2_GetLX)
    i.PS2_GetLY                              0x08003220   Section        0  ps2.o(i.PS2_GetLY)
    i.PS2_GetRX                              0x08003230   Section        0  ps2.o(i.PS2_GetRX)
    i.PS2_GetRY                              0x08003240   Section        0  ps2.o(i.PS2_GetRY)
    i.PS2_Init                               0x08003250   Section        0  ps2.o(i.PS2_Init)
    i.PS2_ReadData                           0x08003258   Section        0  ps2.o(i.PS2_ReadData)
    i.PS2_SetInit                            0x08003304   Section        0  ps2.o(i.PS2_SetInit)
    PS2_SetInit                              0x08003305   Thumb Code    32  ps2.o(i.PS2_SetInit)
    i.PS2_ShortPoll                          0x08003324   Section        0  ps2.o(i.PS2_ShortPoll)
    PS2_ShortPoll                            0x08003325   Thumb Code    60  ps2.o(i.PS2_ShortPoll)
    i.PS2_TurnOnAnalogMode                   0x08003368   Section        0  ps2.o(i.PS2_TurnOnAnalogMode)
    PS2_TurnOnAnalogMode                     0x08003369   Thumb Code    78  ps2.o(i.PS2_TurnOnAnalogMode)
    i.PS2_Update                             0x080033c0   Section        0  ps2.o(i.PS2_Update)
    i.PS2_VibrationMode                      0x080033ec   Section        0  ps2.o(i.PS2_VibrationMode)
    PS2_VibrationMode                        0x080033ed   Thumb Code    60  ps2.o(i.PS2_VibrationMode)
    i.PendSV_Handler                         0x08003430   Section        0  stm32f1xx_it.o(i.PendSV_Handler)
    i.RCC_Delay                              0x08003434   Section        0  stm32f1xx_hal_rcc.o(i.RCC_Delay)
    RCC_Delay                                0x08003435   Thumb Code    36  stm32f1xx_hal_rcc.o(i.RCC_Delay)
    i.RoboArmGo_sph                          0x0800345c   Section        0  robot.o(i.RoboArmGo_sph)
    i.RoboArmInit                            0x08003598   Section        0  robo_arm.o(i.RoboArmInit)
    i.RoboArmUpdateState                     0x08003920   Section        0  robo_arm.o(i.RoboArmUpdateState)
    i.RobotInit                              0x08003b88   Section        0  robot.o(i.RobotInit)
    i.RobotTest                              0x08003ba4   Section        0  robot.o(i.RobotTest)
    i.SVC_Handler                            0x08003bc6   Section        0  stm32f1xx_it.o(i.SVC_Handler)
    i.ServoDirCtl                            0x08003bc8   Section        0  servo.o(i.ServoDirCtl)
    i.ServoInit                              0x08003c10   Section        0  servo.o(i.ServoInit)
    i.ServoStart                             0x08003cd8   Section        0  servo.o(i.ServoStart)
    i.SetArmMotion_sph_rel                   0x08003d08   Section        0  robo_arm.o(i.SetArmMotion_sph_rel)
    i.SetArmPos_sph                          0x08003da0   Section        0  robo_arm.o(i.SetArmPos_sph)
    i.SetFollow                              0x08003dd4   Section        0  robot.o(i.SetFollow)
    i.SetServoAngle                          0x08003dec   Section        0  servo.o(i.SetServoAngle)
    i.SetServoRad                            0x08003e50   Section        0  servo.o(i.SetServoRad)
    i.SetServoStop                           0x08003eb8   Section        0  servo.o(i.SetServoStop)
    i.SetUARTCallBack                        0x08003ed0   Section        0  usart.o(i.SetUARTCallBack)
    i.StopFollow                             0x08003edc   Section        0  robot.o(i.StopFollow)
    i.SysTick_Handler                        0x08003efc   Section        0  stm32f1xx_it.o(i.SysTick_Handler)
    i.SystemClock_Config                     0x08003efe   Section        0  main.o(i.SystemClock_Config)
    i.SystemInit                             0x08003f64   Section        0  system_stm32f1xx.o(i.SystemInit)
    i.TIM4_IRQHandler                        0x08003fbc   Section        0  stm32f1xx_it.o(i.TIM4_IRQHandler)
    i.TIM_Base_SetConfig                     0x08003fcc   Section        0  stm32f1xx_hal_tim.o(i.TIM_Base_SetConfig)
    i.TIM_CCxChannelCmd                      0x08004040   Section        0  stm32f1xx_hal_tim.o(i.TIM_CCxChannelCmd)
    i.TIM_ETR_SetConfig                      0x0800405c   Section        0  stm32f1xx_hal_tim.o(i.TIM_ETR_SetConfig)
    TIM_ETR_SetConfig                        0x0800405d   Thumb Code    24  stm32f1xx_hal_tim.o(i.TIM_ETR_SetConfig)
    i.TIM_ITRx_SetConfig                     0x08004074   Section        0  stm32f1xx_hal_tim.o(i.TIM_ITRx_SetConfig)
    TIM_ITRx_SetConfig                       0x08004075   Thumb Code    20  stm32f1xx_hal_tim.o(i.TIM_ITRx_SetConfig)
    i.TIM_OC1_SetConfig                      0x08004088   Section        0  stm32f1xx_hal_tim.o(i.TIM_OC1_SetConfig)
    TIM_OC1_SetConfig                        0x08004089   Thumb Code    96  stm32f1xx_hal_tim.o(i.TIM_OC1_SetConfig)
    i.TIM_OC2_SetConfig                      0x080040ec   Section        0  stm32f1xx_hal_tim.o(i.TIM_OC2_SetConfig)
    i.TIM_OC3_SetConfig                      0x0800415c   Section        0  stm32f1xx_hal_tim.o(i.TIM_OC3_SetConfig)
    TIM_OC3_SetConfig                        0x0800415d   Thumb Code   104  stm32f1xx_hal_tim.o(i.TIM_OC3_SetConfig)
    i.TIM_OC4_SetConfig                      0x080041c8   Section        0  stm32f1xx_hal_tim.o(i.TIM_OC4_SetConfig)
    TIM_OC4_SetConfig                        0x080041c9   Thumb Code    74  stm32f1xx_hal_tim.o(i.TIM_OC4_SetConfig)
    i.TIM_TI1_ConfigInputStage               0x08004218   Section        0  stm32f1xx_hal_tim.o(i.TIM_TI1_ConfigInputStage)
    TIM_TI1_ConfigInputStage                 0x08004219   Thumb Code    42  stm32f1xx_hal_tim.o(i.TIM_TI1_ConfigInputStage)
    i.TIM_TI2_ConfigInputStage               0x08004242   Section        0  stm32f1xx_hal_tim.o(i.TIM_TI2_ConfigInputStage)
    TIM_TI2_ConfigInputStage                 0x08004243   Thumb Code    44  stm32f1xx_hal_tim.o(i.TIM_TI2_ConfigInputStage)
    i.TriVect_SolAng                         0x08004270   Section        0  lib_math.o(i.TriVect_SolAng)
    i.UART_DMAAbortOnError                   0x08004318   Section        0  stm32f1xx_hal_uart.o(i.UART_DMAAbortOnError)
    UART_DMAAbortOnError                     0x08004319   Thumb Code    20  stm32f1xx_hal_uart.o(i.UART_DMAAbortOnError)
    i.UART_EndRxTransfer                     0x0800432c   Section        0  stm32f1xx_hal_uart.o(i.UART_EndRxTransfer)
    UART_EndRxTransfer                       0x0800432d   Thumb Code    32  stm32f1xx_hal_uart.o(i.UART_EndRxTransfer)
    i.UART_EndTransmit_IT                    0x0800434c   Section        0  stm32f1xx_hal_uart.o(i.UART_EndTransmit_IT)
    UART_EndTransmit_IT                      0x0800434d   Thumb Code    32  stm32f1xx_hal_uart.o(i.UART_EndTransmit_IT)
    i.UART_Receive_IT                        0x0800436c   Section        0  stm32f1xx_hal_uart.o(i.UART_Receive_IT)
    UART_Receive_IT                          0x0800436d   Thumb Code   166  stm32f1xx_hal_uart.o(i.UART_Receive_IT)
    i.UART_SetConfig                         0x08004414   Section        0  stm32f1xx_hal_uart.o(i.UART_SetConfig)
    UART_SetConfig                           0x08004415   Thumb Code   450  stm32f1xx_hal_uart.o(i.UART_SetConfig)
    i.UART_Transmit_IT                       0x080045dc   Section        0  stm32f1xx_hal_uart.o(i.UART_Transmit_IT)
    UART_Transmit_IT                         0x080045dd   Thumb Code   104  stm32f1xx_hal_uart.o(i.UART_Transmit_IT)
    i.USART1_IRQHandler                      0x08004644   Section        0  usart.o(i.USART1_IRQHandler)
    i.UsageFault_Handler                     0x08004674   Section        0  stm32f1xx_it.o(i.UsageFault_Handler)
    i._SetServoAngle                         0x08004678   Section        0  servo.o(i._SetServoAngle)
    i._SetServoPulseValue                    0x0800476c   Section        0  servo.o(i._SetServoPulseValue)
    i.__0printf                              0x080047a4   Section        0  printfa.o(i.__0printf)
    i.__ARM_fpclassify                       0x080047c4   Section        0  fpclassify.o(i.__ARM_fpclassify)
    i.__ieee754_rem_pio2                     0x080047ec   Section        0  rred.o(i.__ieee754_rem_pio2)
    i.__kernel_cos                           0x08004b74   Section        0  cos_i.o(i.__kernel_cos)
    i.__kernel_poly                          0x08004c70   Section        0  poly.o(i.__kernel_poly)
    i.__kernel_sin                           0x08004d1c   Section        0  sin_i.o(i.__kernel_sin)
    i.__mathlib_dbl_infnan                   0x08004e08   Section        0  dunder.o(i.__mathlib_dbl_infnan)
    i.__mathlib_dbl_infnan2                  0x08004e0e   Section        0  dunder.o(i.__mathlib_dbl_infnan2)
    i.__mathlib_dbl_invalid                  0x08004e12   Section        0  dunder.o(i.__mathlib_dbl_invalid)
    i.__mathlib_dbl_underflow                0x08004e20   Section        0  dunder.o(i.__mathlib_dbl_underflow)
    i.__scatterload_copy                     0x08004e30   Section       14  handlers.o(i.__scatterload_copy)
    i.__scatterload_null                     0x08004e3e   Section        2  handlers.o(i.__scatterload_null)
    i.__scatterload_zeroinit                 0x08004e40   Section       14  handlers.o(i.__scatterload_zeroinit)
    i.__set_errno                            0x08004e50   Section        0  errno.o(i.__set_errno)
    i._fp_digits                             0x08004e5c   Section        0  printfa.o(i._fp_digits)
    _fp_digits                               0x08004e5d   Thumb Code   366  printfa.o(i._fp_digits)
    i._printf_core                           0x08004fe0   Section        0  printfa.o(i._printf_core)
    _printf_core                             0x08004fe1   Thumb Code  1744  printfa.o(i._printf_core)
    i._printf_post_padding                   0x080056bc   Section        0  printfa.o(i._printf_post_padding)
    _printf_post_padding                     0x080056bd   Thumb Code    36  printfa.o(i._printf_post_padding)
    i._printf_pre_padding                    0x080056e0   Section        0  printfa.o(i._printf_pre_padding)
    _printf_pre_padding                      0x080056e1   Thumb Code    46  printfa.o(i._printf_pre_padding)
    i.acos                                   0x08005710   Section        0  acos.o(i.acos)
    i.atan                                   0x0800598c   Section        0  atan.o(i.atan)
    i.atan2                                  0x08005bac   Section        0  atan2.o(i.atan2)
    i.cos                                    0x08005d2c   Section        0  cos.o(i.cos)
    i.delay_us                               0x08005dc8   Section        0  lib_common_1.o(i.delay_us)
    i.floor                                  0x08005df4   Section        0  floor.o(i.floor)
    i.fputc                                  0x08005ed0   Section        0  usart.o(i.fputc)
    i.limit                                  0x08005eec   Section        0  motor.o(i.limit)
    i.main                                   0x08005f2c   Section        0  main.o(i.main)
    i.min                                    0x08005f5a   Section        0  motor.o(i.min)
    i.polor_invense                          0x08005f84   Section        0  lib_math.o(i.polor_invense)
    i.polor_vadd                             0x08005fe8   Section        0  lib_math.o(i.polor_vadd)
    i.polor_vsub                             0x080060c6   Section        0  lib_math.o(i.polor_vsub)
    i.setPWMFreq                             0x080060e4   Section        0  pca9685.o(i.setPWMFreq)
    i.sin                                    0x0800617c   Section        0  sin.o(i.sin)
    i.sqrt                                   0x0800621c   Section        0  sqrt.o(i.sqrt)
    .constdata                               0x08006268   Section       24  robot.o(.constdata)
    .constdata                               0x08006280   Section      112  servo.o(.constdata)
    .constdata                               0x080062f0   Section       12  robo_arm.o(.constdata)
    .constdata                               0x080062fc   Section       24  system_stm32f1xx.o(.constdata)
    .constdata                               0x08006318   Section       80  acos.o(.constdata)
    pS                                       0x08006318   Data          48  acos.o(.constdata)
    qS                                       0x08006348   Data          32  acos.o(.constdata)
    .constdata                               0x08006368   Section      152  atan.o(.constdata)
    atanhi                                   0x08006368   Data          32  atan.o(.constdata)
    atanlo                                   0x08006388   Data          32  atan.o(.constdata)
    aTodd                                    0x080063a8   Data          40  atan.o(.constdata)
    aTeven                                   0x080063d0   Data          48  atan.o(.constdata)
    .constdata                               0x08006400   Section       48  cos_i.o(.constdata)
    C                                        0x08006400   Data          48  cos_i.o(.constdata)
    .constdata                               0x08006430   Section        8  qnan.o(.constdata)
    .constdata                               0x08006438   Section      200  rred.o(.constdata)
    pio2s                                    0x08006438   Data          48  rred.o(.constdata)
    twooverpi                                0x08006468   Data         152  rred.o(.constdata)
    .constdata                               0x08006500   Section       40  sin_i.o(.constdata)
    S                                        0x08006500   Data          40  sin_i.o(.constdata)
    .data                                    0x20000000   Section        1  ps2.o(.data)
    .data                                    0x20000004   Section       25  robot.o(.data)
    state                                    0x2000000f   Data           1  robot.o(.data)
    px                                       0x20000010   Data           4  robot.o(.data)
    py                                       0x20000014   Data           4  robot.o(.data)
    pz                                       0x20000018   Data           4  robot.o(.data)
    state                                    0x2000001c   Data           1  robot.o(.data)
    .data                                    0x20000020   Section       72  servo.o(.data)
    .data                                    0x20000068   Section       32  robo_arm.o(.data)
    .data                                    0x20000088   Section       12  usart.o(.data)
    .data                                    0x20000094   Section        9  stm32f1xx_hal.o(.data)
    .data                                    0x200000a0   Section        4  system_stm32f1xx.o(.data)
    .data                                    0x200000a4   Section        4  errno.o(.data)
    _errno                                   0x200000a4   Data           4  errno.o(.data)
    .bss                                     0x200000a8   Section        9  ps2.o(.bss)
    .bss                                     0x200000b4   Section       24  servo.o(.bss)
    .bss                                     0x200000d0   Section      120  robo_arm.o(.bss)
    .bss                                     0x20000148   Section      128  tim.o(.bss)
    .bss                                     0x200001c8   Section       96  usart.o(.bss)
    .bss                                     0x20000228   Section       64  stm32f1xx_hal_timebase_tim.o(.bss)
    STACK                                    0x20000268   Section     1024  startup_stm32f103xb.o(STACK)

    Global Symbols

    Symbol Name                              Value     Ov Type        Size  Object(Section)

    BuildAttributes$$THM_ISAv4$P$D$K$B$S$PE$A:L22UL41UL21$X:L11$S22US41US21$IEEE1$IW$USESV6$~STKCKD$USESV7$~SHL$OTIME$ROPI$IEEEX$EBA8$MICROLIB$REQ8$PRES8$EABIv2 0x00000000   Number         0  anon$$obj.o ABSOLUTE
    __ARM_use_no_argv                        0x00000000   Number         0  main.o ABSOLUTE
    __use_no_errno                           0x00000000   Number         0  useno.o ABSOLUTE
    __use_no_exception_handling              0x00000000   Number         0  useno.o ABSOLUTE
    __use_no_fp                              0x00000000   Number         0  useno.o ABSOLUTE
    __use_no_heap                            0x00000000   Number         0  useno.o ABSOLUTE
    __use_no_heap_region                     0x00000000   Number         0  useno.o ABSOLUTE
    __use_no_semihosting                     0x00000000   Number         0  useno.o ABSOLUTE
    __use_no_semihosting_swi                 0x00000000   Number         0  useno.o ABSOLUTE
    __use_no_signal_handling                 0x00000000   Number         0  useno.o ABSOLUTE
    _printf_a                                0x00000000   Number         0  stubs.o ABSOLUTE
    _printf_c                                0x00000000   Number         0  stubs.o ABSOLUTE
    _printf_charcount                        0x00000000   Number         0  stubs.o ABSOLUTE
    _printf_d                                0x00000000   Number         0  stubs.o ABSOLUTE
    _printf_e                                0x00000000   Number         0  stubs.o ABSOLUTE
    _printf_f                                0x00000000   Number         0  stubs.o ABSOLUTE
    _printf_flags                            0x00000000   Number         0  stubs.o ABSOLUTE
    _printf_fp_dec                           0x00000000   Number         0  stubs.o ABSOLUTE
    _printf_fp_hex                           0x00000000   Number         0  stubs.o ABSOLUTE
    _printf_g                                0x00000000   Number         0  stubs.o ABSOLUTE
    _printf_i                                0x00000000   Number         0  stubs.o ABSOLUTE
    _printf_int_dec                          0x00000000   Number         0  stubs.o ABSOLUTE
    _printf_l                                0x00000000   Number         0  stubs.o ABSOLUTE
    _printf_lc                               0x00000000   Number         0  stubs.o ABSOLUTE
    _printf_ll                               0x00000000   Number         0  stubs.o ABSOLUTE
    _printf_lld                              0x00000000   Number         0  stubs.o ABSOLUTE
    _printf_lli                              0x00000000   Number         0  stubs.o ABSOLUTE
    _printf_llo                              0x00000000   Number         0  stubs.o ABSOLUTE
    _printf_llu                              0x00000000   Number         0  stubs.o ABSOLUTE
    _printf_llx                              0x00000000   Number         0  stubs.o ABSOLUTE
    _printf_longlong_dec                     0x00000000   Number         0  stubs.o ABSOLUTE
    _printf_longlong_hex                     0x00000000   Number         0  stubs.o ABSOLUTE
    _printf_longlong_oct                     0x00000000   Number         0  stubs.o ABSOLUTE
    _printf_ls                               0x00000000   Number         0  stubs.o ABSOLUTE
    _printf_mbtowc                           0x00000000   Number         0  stubs.o ABSOLUTE
    _printf_n                                0x00000000   Number         0  stubs.o ABSOLUTE
    _printf_o                                0x00000000   Number         0  stubs.o ABSOLUTE
    _printf_p                                0x00000000   Number         0  stubs.o ABSOLUTE
    _printf_percent                          0x00000000   Number         0  stubs.o ABSOLUTE
    _printf_pre_padding                      0x00000000   Number         0  stubs.o ABSOLUTE
    _printf_return_value                     0x00000000   Number         0  stubs.o ABSOLUTE
    _printf_s                                0x00000000   Number         0  stubs.o ABSOLUTE
    _printf_sizespec                         0x00000000   Number         0  stubs.o ABSOLUTE
    _printf_str                              0x00000000   Number         0  stubs.o ABSOLUTE
    _printf_truncate_signed                  0x00000000   Number         0  stubs.o ABSOLUTE
    _printf_truncate_unsigned                0x00000000   Number         0  stubs.o ABSOLUTE
    _printf_u                                0x00000000   Number         0  stubs.o ABSOLUTE
    _printf_wc                               0x00000000   Number         0  stubs.o ABSOLUTE
    _printf_wctomb                           0x00000000   Number         0  stubs.o ABSOLUTE
    _printf_widthprec                        0x00000000   Number         0  stubs.o ABSOLUTE
    _printf_x                                0x00000000   Number         0  stubs.o ABSOLUTE
    __cpp_initialize__aeabi_                  - Undefined Weak Reference
    __cxa_finalize                            - Undefined Weak Reference
    __decompress                              - Undefined Weak Reference
    _clock_init                               - Undefined Weak Reference
    _microlib_exit                            - Undefined Weak Reference
    __Vectors_Size                           0x000000ec   Number         0  startup_stm32f103xb.o ABSOLUTE
    __Vectors                                0x08000000   Data           4  startup_stm32f103xb.o(RESET)
    __Vectors_End                            0x080000ec   Data           0  startup_stm32f103xb.o(RESET)
    __main                                   0x080000ed   Thumb Code     0  entry.o(.ARM.Collect$$$$00000000)
    _main_stk                                0x080000ed   Thumb Code     0  entry2.o(.ARM.Collect$$$$00000001)
    _main_scatterload                        0x080000f1   Thumb Code     0  entry5.o(.ARM.Collect$$$$00000004)
    __main_after_scatterload                 0x080000f5   Thumb Code     0  entry5.o(.ARM.Collect$$$$00000004)
    _main_clock                              0x080000f5   Thumb Code     0  entry7b.o(.ARM.Collect$$$$00000008)
    _main_cpp_init                           0x080000f5   Thumb Code     0  entry8b.o(.ARM.Collect$$$$0000000A)
    _main_init                               0x080000f5   Thumb Code     0  entry9a.o(.ARM.Collect$$$$0000000B)
    __rt_final_cpp                           0x080000fd   Thumb Code     0  entry10a.o(.ARM.Collect$$$$0000000D)
    __rt_final_exit                          0x080000fd   Thumb Code     0  entry11a.o(.ARM.Collect$$$$0000000F)
    Reset_Handler                            0x08000101   Thumb Code     8  startup_stm32f103xb.o(.text)
    ADC1_2_IRQHandler                        0x0800011b   Thumb Code     0  startup_stm32f103xb.o(.text)
    CAN1_RX1_IRQHandler                      0x0800011b   Thumb Code     0  startup_stm32f103xb.o(.text)
    CAN1_SCE_IRQHandler                      0x0800011b   Thumb Code     0  startup_stm32f103xb.o(.text)
    DMA1_Channel1_IRQHandler                 0x0800011b   Thumb Code     0  startup_stm32f103xb.o(.text)
    DMA1_Channel2_IRQHandler                 0x0800011b   Thumb Code     0  startup_stm32f103xb.o(.text)
    DMA1_Channel3_IRQHandler                 0x0800011b   Thumb Code     0  startup_stm32f103xb.o(.text)
    DMA1_Channel4_IRQHandler                 0x0800011b   Thumb Code     0  startup_stm32f103xb.o(.text)
    DMA1_Channel5_IRQHandler                 0x0800011b   Thumb Code     0  startup_stm32f103xb.o(.text)
    DMA1_Channel6_IRQHandler                 0x0800011b   Thumb Code     0  startup_stm32f103xb.o(.text)
    DMA1_Channel7_IRQHandler                 0x0800011b   Thumb Code     0  startup_stm32f103xb.o(.text)
    EXTI0_IRQHandler                         0x0800011b   Thumb Code     0  startup_stm32f103xb.o(.text)
    EXTI15_10_IRQHandler                     0x0800011b   Thumb Code     0  startup_stm32f103xb.o(.text)
    EXTI1_IRQHandler                         0x0800011b   Thumb Code     0  startup_stm32f103xb.o(.text)
    EXTI2_IRQHandler                         0x0800011b   Thumb Code     0  startup_stm32f103xb.o(.text)
    EXTI3_IRQHandler                         0x0800011b   Thumb Code     0  startup_stm32f103xb.o(.text)
    EXTI4_IRQHandler                         0x0800011b   Thumb Code     0  startup_stm32f103xb.o(.text)
    EXTI9_5_IRQHandler                       0x0800011b   Thumb Code     0  startup_stm32f103xb.o(.text)
    FLASH_IRQHandler                         0x0800011b   Thumb Code     0  startup_stm32f103xb.o(.text)
    I2C1_ER_IRQHandler                       0x0800011b   Thumb Code     0  startup_stm32f103xb.o(.text)
    I2C1_EV_IRQHandler                       0x0800011b   Thumb Code     0  startup_stm32f103xb.o(.text)
    I2C2_ER_IRQHandler                       0x0800011b   Thumb Code     0  startup_stm32f103xb.o(.text)
    I2C2_EV_IRQHandler                       0x0800011b   Thumb Code     0  startup_stm32f103xb.o(.text)
    PVD_IRQHandler                           0x0800011b   Thumb Code     0  startup_stm32f103xb.o(.text)
    RCC_IRQHandler                           0x0800011b   Thumb Code     0  startup_stm32f103xb.o(.text)
    RTC_Alarm_IRQHandler                     0x0800011b   Thumb Code     0  startup_stm32f103xb.o(.text)
    RTC_IRQHandler                           0x0800011b   Thumb Code     0  startup_stm32f103xb.o(.text)
    SPI1_IRQHandler                          0x0800011b   Thumb Code     0  startup_stm32f103xb.o(.text)
    SPI2_IRQHandler                          0x0800011b   Thumb Code     0  startup_stm32f103xb.o(.text)
    TAMPER_IRQHandler                        0x0800011b   Thumb Code     0  startup_stm32f103xb.o(.text)
    TIM1_BRK_IRQHandler                      0x0800011b   Thumb Code     0  startup_stm32f103xb.o(.text)
    TIM1_CC_IRQHandler                       0x0800011b   Thumb Code     0  startup_stm32f103xb.o(.text)
    TIM1_TRG_COM_IRQHandler                  0x0800011b   Thumb Code     0  startup_stm32f103xb.o(.text)
    TIM1_UP_IRQHandler                       0x0800011b   Thumb Code     0  startup_stm32f103xb.o(.text)
    TIM2_IRQHandler                          0x0800011b   Thumb Code     0  startup_stm32f103xb.o(.text)
    TIM3_IRQHandler                          0x0800011b   Thumb Code     0  startup_stm32f103xb.o(.text)
    USART2_IRQHandler                        0x0800011b   Thumb Code     0  startup_stm32f103xb.o(.text)
    USART3_IRQHandler                        0x0800011b   Thumb Code     0  startup_stm32f103xb.o(.text)
    USBWakeUp_IRQHandler                     0x0800011b   Thumb Code     0  startup_stm32f103xb.o(.text)
    USB_HP_CAN1_TX_IRQHandler                0x0800011b   Thumb Code     0  startup_stm32f103xb.o(.text)
    USB_LP_CAN1_RX0_IRQHandler               0x0800011b   Thumb Code     0  startup_stm32f103xb.o(.text)
    WWDG_IRQHandler                          0x0800011b   Thumb Code     0  startup_stm32f103xb.o(.text)
    __aeabi_llsr                             0x08000125   Thumb Code    32  llushr.o(.text)
    _ll_ushift_r                             0x08000125   Thumb Code     0  llushr.o(.text)
    __aeabi_memcpy                           0x08000145   Thumb Code    36  memcpya.o(.text)
    __aeabi_memcpy4                          0x08000145   Thumb Code     0  memcpya.o(.text)
    __aeabi_memcpy8                          0x08000145   Thumb Code     0  memcpya.o(.text)
    __aeabi_memset                           0x08000169   Thumb Code    14  memseta.o(.text)
    __aeabi_memset4                          0x08000169   Thumb Code     0  memseta.o(.text)
    __aeabi_memset8                          0x08000169   Thumb Code     0  memseta.o(.text)
    __aeabi_memclr                           0x08000177   Thumb Code     4  memseta.o(.text)
    __aeabi_memclr4                          0x08000177   Thumb Code     0  memseta.o(.text)
    __aeabi_memclr8                          0x08000177   Thumb Code     0  memseta.o(.text)
    _memset$wrapper                          0x0800017b   Thumb Code    18  memseta.o(.text)
    __aeabi_fadd                             0x0800018d   Thumb Code   164  fadd.o(.text)
    __aeabi_fsub                             0x08000231   Thumb Code     6  fadd.o(.text)
    __aeabi_frsub                            0x08000237   Thumb Code     6  fadd.o(.text)
    __aeabi_fmul                             0x0800023d   Thumb Code   100  fmul.o(.text)
    __aeabi_fdiv                             0x080002a1   Thumb Code   124  fdiv.o(.text)
    __aeabi_dadd                             0x0800031d   Thumb Code   322  dadd.o(.text)
    __aeabi_dsub                             0x0800045f   Thumb Code     6  dadd.o(.text)
    __aeabi_drsub                            0x08000465   Thumb Code     6  dadd.o(.text)
    __aeabi_dmul                             0x0800046b   Thumb Code   228  dmul.o(.text)
    __aeabi_ddiv                             0x0800054f   Thumb Code   222  ddiv.o(.text)
    __aeabi_i2f                              0x0800062d   Thumb Code    18  fflti.o(.text)
    __aeabi_i2d                              0x0800063f   Thumb Code    34  dflti.o(.text)
    __aeabi_ui2d                             0x08000661   Thumb Code    26  dfltui.o(.text)
    __aeabi_f2iz                             0x0800067b   Thumb Code    50  ffixi.o(.text)
    __aeabi_d2iz                             0x080006ad   Thumb Code    62  dfixi.o(.text)
    __aeabi_d2uiz                            0x080006eb   Thumb Code    50  dfixui.o(.text)
    __aeabi_f2d                              0x0800071d   Thumb Code    38  f2d.o(.text)
    __aeabi_cdcmpeq                          0x08000745   Thumb Code     0  cdcmple.o(.text)
    __aeabi_cdcmple                          0x08000745   Thumb Code    48  cdcmple.o(.text)
    __aeabi_cdrcmple                         0x08000775   Thumb Code    48  cdrcmple.o(.text)
    __aeabi_d2f                              0x080007a5   Thumb Code    56  d2f.o(.text)
    __aeabi_cfcmpeq                          0x080007dd   Thumb Code     0  cfcmple.o(.text)
    __aeabi_cfcmple                          0x080007dd   Thumb Code    20  cfcmple.o(.text)
    __aeabi_cfrcmple                         0x080007f1   Thumb Code    20  cfrcmple.o(.text)
    __aeabi_uidiv                            0x08000805   Thumb Code     0  uidiv.o(.text)
    __aeabi_uidivmod                         0x08000805   Thumb Code    44  uidiv.o(.text)
    __aeabi_uldivmod                         0x08000831   Thumb Code    98  uldiv.o(.text)
    __aeabi_llsl                             0x08000893   Thumb Code    30  llshl.o(.text)
    _ll_shift_l                              0x08000893   Thumb Code     0  llshl.o(.text)
    __aeabi_lasr                             0x080008b1   Thumb Code    36  llsshr.o(.text)
    _ll_sshift_r                             0x080008b1   Thumb Code     0  llsshr.o(.text)
    __I$use$fp                               0x080008d5   Thumb Code     0  iusefp.o(.text)
    _float_round                             0x080008d5   Thumb Code    18  fepilogue.o(.text)
    _float_epilogue                          0x080008e7   Thumb Code    92  fepilogue.o(.text)
    _double_round                            0x08000943   Thumb Code    30  depilogue.o(.text)
    _double_epilogue                         0x08000961   Thumb Code   156  depilogue.o(.text)
    __ARM_scalbn                             0x080009fd   Thumb Code    46  dscalb.o(.text)
    scalbn                                   0x080009fd   Thumb Code     0  dscalb.o(.text)
    _dsqrt                                   0x08000a2b   Thumb Code   162  dsqrt.o(.text)
    __aeabi_d2ulz                            0x08000acd   Thumb Code    48  dfixul.o(.text)
    __scatterload                            0x08000afd   Thumb Code    28  init.o(.text)
    __scatterload_rt2                        0x08000afd   Thumb Code     0  init.o(.text)
    ApplicateJoint1                          0x08000b21   Thumb Code    78  robo_arm.o(i.ApplicateJoint1)
    ApplicateJoint2                          0x08000b75   Thumb Code   326  robo_arm.o(i.ApplicateJoint2)
    ApplicateRod                             0x08000cd1   Thumb Code   266  robo_arm.o(i.ApplicateRod)
    AutoGo                                   0x08000de5   Thumb Code    62  robot.o(i.AutoGo)
    BusFault_Handler                         0x08000e29   Thumb Code     4  stm32f1xx_it.o(i.BusFault_Handler)
    CamDataCallBack                          0x08000e2d   Thumb Code   146  robot.o(i.CamDataCallBack)
    CarGo                                    0x08000ed9   Thumb Code    70  robot.o(i.CarGo)
    ClearData                                0x08000f21   Thumb Code    18  ps2.o(i.ClearData)
    CosLaw_SolAng                            0x08000f39   Thumb Code   140  lib_math.o(i.CosLaw_SolAng)
    CosLaw_SolSide                           0x08000fc5   Thumb Code   130  lib_math.o(i.CosLaw_SolSide)
    DebugMon_Handler                         0x08001047   Thumb Code     2  stm32f1xx_it.o(i.DebugMon_Handler)
    Error_Handler                            0x08001049   Thumb Code     2  main.o(i.Error_Handler)
    Follow                                   0x0800104d   Thumb Code   534  robot.o(i.Follow)
    GetServoAngle                            0x080012b9   Thumb Code    28  servo.o(i.GetServoAngle)
    HAL_DMA_Abort_IT                         0x080012d9   Thumb Code   172  stm32f1xx_hal_dma.o(i.HAL_DMA_Abort_IT)
    HAL_Delay                                0x08001389   Thumb Code    36  stm32f1xx_hal.o(i.HAL_Delay)
    HAL_GPIO_Init                            0x080013b1   Thumb Code   764  stm32f1xx_hal_gpio.o(i.HAL_GPIO_Init)
    HAL_GPIO_WritePin                        0x080016cd   Thumb Code    12  stm32f1xx_hal_gpio.o(i.HAL_GPIO_WritePin)
    HAL_GetTick                              0x080016d9   Thumb Code     6  stm32f1xx_hal.o(i.HAL_GetTick)
    HAL_IncTick                              0x080016e5   Thumb Code    16  stm32f1xx_hal.o(i.HAL_IncTick)
    HAL_Init                                 0x080016fd   Thumb Code    34  stm32f1xx_hal.o(i.HAL_Init)
    HAL_InitTick                             0x08001725   Thumb Code   118  stm32f1xx_hal_timebase_tim.o(i.HAL_InitTick)
    HAL_MspInit                              0x080017ad   Thumb Code    76  stm32f1xx_hal_msp.o(i.HAL_MspInit)
    HAL_NVIC_EnableIRQ                       0x08001801   Thumb Code    26  stm32f1xx_hal_cortex.o(i.HAL_NVIC_EnableIRQ)
    HAL_NVIC_SetPriority                     0x0800181b   Thumb Code   124  stm32f1xx_hal_cortex.o(i.HAL_NVIC_SetPriority)
    HAL_NVIC_SetPriorityGrouping             0x08001899   Thumb Code    32  stm32f1xx_hal_cortex.o(i.HAL_NVIC_SetPriorityGrouping)
    HAL_RCC_ClockConfig                      0x080018c1   Thumb Code   446  stm32f1xx_hal_rcc.o(i.HAL_RCC_ClockConfig)
    HAL_RCC_GetClockConfig                   0x08001a91   Thumb Code    58  stm32f1xx_hal_rcc.o(i.HAL_RCC_GetClockConfig)
    HAL_RCC_GetHCLKFreq                      0x08001ad5   Thumb Code     6  stm32f1xx_hal_rcc.o(i.HAL_RCC_GetHCLKFreq)
    HAL_RCC_GetPCLK1Freq                     0x08001ae1   Thumb Code    22  stm32f1xx_hal_rcc.o(i.HAL_RCC_GetPCLK1Freq)
    HAL_RCC_GetPCLK2Freq                     0x08001b01   Thumb Code    22  stm32f1xx_hal_rcc.o(i.HAL_RCC_GetPCLK2Freq)
    HAL_RCC_GetSysClockFreq                  0x08001b21   Thumb Code   116  stm32f1xx_hal_rcc.o(i.HAL_RCC_GetSysClockFreq)
    HAL_RCC_OscConfig                        0x08001bb5   Thumb Code  1078  stm32f1xx_hal_rcc.o(i.HAL_RCC_OscConfig)
    HAL_TIMEx_BreakCallback                  0x08001ff5   Thumb Code     2  stm32f1xx_hal_tim_ex.o(i.HAL_TIMEx_BreakCallback)
    HAL_TIMEx_CommutationCallback            0x08001ff7   Thumb Code     2  stm32f1xx_hal_tim_ex.o(i.HAL_TIMEx_CommutationCallback)
    HAL_TIMEx_MasterConfigSynchronization    0x08001ff9   Thumb Code    98  stm32f1xx_hal_tim_ex.o(i.HAL_TIMEx_MasterConfigSynchronization)
    HAL_TIM_Base_Init                        0x0800205b   Thumb Code    52  stm32f1xx_hal_tim.o(i.HAL_TIM_Base_Init)
    HAL_TIM_Base_MspInit                     0x08002091   Thumb Code    40  tim.o(i.HAL_TIM_Base_MspInit)
    HAL_TIM_Base_Start                       0x080020c1   Thumb Code    30  stm32f1xx_hal_tim.o(i.HAL_TIM_Base_Start)
    HAL_TIM_Base_Start_IT                    0x080020df   Thumb Code    30  stm32f1xx_hal_tim.o(i.HAL_TIM_Base_Start_IT)
    HAL_TIM_Base_Stop                        0x080020fd   Thumb Code    56  stm32f1xx_hal_tim.o(i.HAL_TIM_Base_Stop)
    HAL_TIM_ConfigClockSource                0x08002135   Thumb Code   306  stm32f1xx_hal_tim.o(i.HAL_TIM_ConfigClockSource)
    HAL_TIM_IC_CaptureCallback               0x08002267   Thumb Code     2  stm32f1xx_hal_tim.o(i.HAL_TIM_IC_CaptureCallback)
    HAL_TIM_IRQHandler                       0x08002269   Thumb Code   406  stm32f1xx_hal_tim.o(i.HAL_TIM_IRQHandler)
    HAL_TIM_MspPostInit                      0x08002401   Thumb Code    98  tim.o(i.HAL_TIM_MspPostInit)
    HAL_TIM_OC_DelayElapsedCallback          0x08002471   Thumb Code     2  stm32f1xx_hal_tim.o(i.HAL_TIM_OC_DelayElapsedCallback)
    HAL_TIM_PWM_ConfigChannel                0x08002473   Thumb Code   264  stm32f1xx_hal_tim.o(i.HAL_TIM_PWM_ConfigChannel)
    HAL_TIM_PWM_Init                         0x0800257b   Thumb Code    52  stm32f1xx_hal_tim.o(i.HAL_TIM_PWM_Init)
    HAL_TIM_PWM_MspInit                      0x080025b1   Thumb Code    40  tim.o(i.HAL_TIM_PWM_MspInit)
    HAL_TIM_PWM_PulseFinishedCallback        0x080025dd   Thumb Code     2  stm32f1xx_hal_tim.o(i.HAL_TIM_PWM_PulseFinishedCallback)
    HAL_TIM_PWM_Start                        0x080025e1   Thumb Code    60  stm32f1xx_hal_tim.o(i.HAL_TIM_PWM_Start)
    HAL_TIM_PeriodElapsedCallback            0x08002621   Thumb Code    18  main.o(i.HAL_TIM_PeriodElapsedCallback)
    HAL_TIM_TriggerCallback                  0x08002639   Thumb Code     2  stm32f1xx_hal_tim.o(i.HAL_TIM_TriggerCallback)
    HAL_UART_ErrorCallback                   0x0800263b   Thumb Code     2  stm32f1xx_hal_uart.o(i.HAL_UART_ErrorCallback)
    HAL_UART_GetState                        0x0800263d   Thumb Code    20  stm32f1xx_hal_uart.o(i.HAL_UART_GetState)
    HAL_UART_IRQHandler                      0x08002651   Thumb Code   326  stm32f1xx_hal_uart.o(i.HAL_UART_IRQHandler)
    HAL_UART_Init                            0x0800279d   Thumb Code   114  stm32f1xx_hal_uart.o(i.HAL_UART_Init)
    HAL_UART_MspInit                         0x08002811   Thumb Code   180  usart.o(i.HAL_UART_MspInit)
    HAL_UART_Receive_IT                      0x080028d9   Thumb Code   112  stm32f1xx_hal_uart.o(i.HAL_UART_Receive_IT)
    HAL_UART_RxCpltCallback                  0x08002949   Thumb Code   148  usart.o(i.HAL_UART_RxCpltCallback)
    HAL_UART_TxCpltCallback                  0x080029f1   Thumb Code     2  stm32f1xx_hal_uart.o(i.HAL_UART_TxCpltCallback)
    HardFault_Handler                        0x080029f3   Thumb Code     4  stm32f1xx_it.o(i.HardFault_Handler)
    IIC_Ack                                  0x080029f9   Thumb Code    66  i2c.o(i.IIC_Ack)
    IIC_NAck                                 0x08002a49   Thumb Code    66  i2c.o(i.IIC_NAck)
    IIC_Read_Byte                            0x08002a99   Thumb Code    98  i2c.o(i.IIC_Read_Byte)
    IIC_Send_Byte                            0x08002b09   Thumb Code    90  i2c.o(i.IIC_Send_Byte)
    IIC_Start                                0x08002b71   Thumb Code    64  i2c.o(i.IIC_Start)
    IIC_Stop                                 0x08002bbd   Thumb Code    62  i2c.o(i.IIC_Stop)
    IIC_Wait_Ack                             0x08002c09   Thumb Code    86  i2c.o(i.IIC_Wait_Ack)
    IsPS2_OK                                 0x08002c6d   Thumb Code     6  ps2.o(i.IsPS2_OK)
    IsPushed                                 0x08002c79   Thumb Code    26  ps2.o(i.IsPushed)
    MX_GPIO_Init                             0x08002c99   Thumb Code   216  gpio.o(i.MX_GPIO_Init)
    MX_TIM2_Init                             0x08002d7d   Thumb Code   132  tim.o(i.MX_TIM2_Init)
    MX_TIM3_Init                             0x08002e05   Thumb Code   100  tim.o(i.MX_TIM3_Init)
    MX_USART1_UART_Init                      0x08002e71   Thumb Code    46  usart.o(i.MX_USART1_UART_Init)
    MemManage_Handler                        0x08002ea9   Thumb Code     4  stm32f1xx_it.o(i.MemManage_Handler)
    MotorInit                                0x08002ead   Thumb Code    20  motor.o(i.MotorInit)
    MotorSetPwm                              0x08002ec5   Thumb Code   240  motor.o(i.MotorSetPwm)
    MotorStop                                0x08002fc5   Thumb Code    86  motor.o(i.MotorStop)
    NMI_Handler                              0x0800302d   Thumb Code     2  stm32f1xx_it.o(i.NMI_Handler)
    PCA9685_read                             0x08003069   Thumb Code    58  pca9685.o(i.PCA9685_read)
    PCA9685_write                            0x080030a3   Thumb Code    46  pca9685.o(i.PCA9685_write)
    PS2_GetLX                                0x08003211   Thumb Code    10  ps2.o(i.PS2_GetLX)
    PS2_GetLY                                0x08003221   Thumb Code    12  ps2.o(i.PS2_GetLY)
    PS2_GetRX                                0x08003231   Thumb Code    10  ps2.o(i.PS2_GetRX)
    PS2_GetRY                                0x08003241   Thumb Code    12  ps2.o(i.PS2_GetRY)
    PS2_Init                                 0x08003251   Thumb Code     8  ps2.o(i.PS2_Init)
    PS2_ReadData                             0x08003259   Thumb Code   158  ps2.o(i.PS2_ReadData)
    PS2_Update                               0x080033c1   Thumb Code    34  ps2.o(i.PS2_Update)
    PendSV_Handler                           0x08003431   Thumb Code     2  stm32f1xx_it.o(i.PendSV_Handler)
    RoboArmGo_sph                            0x0800345d   Thumb Code   296  robot.o(i.RoboArmGo_sph)
    RoboArmInit                              0x08003599   Thumb Code   844  robo_arm.o(i.RoboArmInit)
    RoboArmUpdateState                       0x08003921   Thumb Code   594  robo_arm.o(i.RoboArmUpdateState)
    RobotInit                                0x08003b89   Thumb Code    22  robot.o(i.RobotInit)
    RobotTest                                0x08003ba5   Thumb Code    34  robot.o(i.RobotTest)
    SVC_Handler                              0x08003bc7   Thumb Code     2  stm32f1xx_it.o(i.SVC_Handler)
    ServoDirCtl                              0x08003bc9   Thumb Code    68  servo.o(i.ServoDirCtl)
    ServoInit                                0x08003c11   Thumb Code   182  servo.o(i.ServoInit)
    ServoStart                               0x08003cd9   Thumb Code    40  servo.o(i.ServoStart)
    SetArmMotion_sph_rel                     0x08003d09   Thumb Code   140  robo_arm.o(i.SetArmMotion_sph_rel)
    SetArmPos_sph                            0x08003da1   Thumb Code    48  robo_arm.o(i.SetArmPos_sph)
    SetFollow                                0x08003dd5   Thumb Code    14  robot.o(i.SetFollow)
    SetServoAngle                            0x08003ded   Thumb Code    86  servo.o(i.SetServoAngle)
    SetServoRad                              0x08003e51   Thumb Code    86  servo.o(i.SetServoRad)
    SetServoStop                             0x08003eb9   Thumb Code    24  servo.o(i.SetServoStop)
    SetUARTCallBack                          0x08003ed1   Thumb Code     6  usart.o(i.SetUARTCallBack)
    StopFollow                               0x08003edd   Thumb Code    18  robot.o(i.StopFollow)
    SysTick_Handler                          0x08003efd   Thumb Code     2  stm32f1xx_it.o(i.SysTick_Handler)
    SystemClock_Config                       0x08003eff   Thumb Code   102  main.o(i.SystemClock_Config)
    SystemInit                               0x08003f65   Thumb Code    70  system_stm32f1xx.o(i.SystemInit)
    TIM4_IRQHandler                          0x08003fbd   Thumb Code    10  stm32f1xx_it.o(i.TIM4_IRQHandler)
    TIM_Base_SetConfig                       0x08003fcd   Thumb Code   102  stm32f1xx_hal_tim.o(i.TIM_Base_SetConfig)
    TIM_CCxChannelCmd                        0x08004041   Thumb Code    28  stm32f1xx_hal_tim.o(i.TIM_CCxChannelCmd)
    TIM_OC2_SetConfig                        0x080040ed   Thumb Code   106  stm32f1xx_hal_tim.o(i.TIM_OC2_SetConfig)
    TriVect_SolAng                           0x08004271   Thumb Code   158  lib_math.o(i.TriVect_SolAng)
    USART1_IRQHandler                        0x08004645   Thumb Code    38  usart.o(i.USART1_IRQHandler)
    UsageFault_Handler                       0x08004675   Thumb Code     4  stm32f1xx_it.o(i.UsageFault_Handler)
    _SetServoAngle                           0x08004679   Thumb Code   234  servo.o(i._SetServoAngle)
    _SetServoPulseValue                      0x0800476d   Thumb Code    56  servo.o(i._SetServoPulseValue)
    __0printf                                0x080047a5   Thumb Code    22  printfa.o(i.__0printf)
    __1printf                                0x080047a5   Thumb Code     0  printfa.o(i.__0printf)
    __2printf                                0x080047a5   Thumb Code     0  printfa.o(i.__0printf)
    __c89printf                              0x080047a5   Thumb Code     0  printfa.o(i.__0printf)
    printf                                   0x080047a5   Thumb Code     0  printfa.o(i.__0printf)
    __ARM_fpclassify                         0x080047c5   Thumb Code    40  fpclassify.o(i.__ARM_fpclassify)
    __ieee754_rem_pio2                       0x080047ed   Thumb Code   828  rred.o(i.__ieee754_rem_pio2)
    __kernel_cos                             0x08004b75   Thumb Code   230  cos_i.o(i.__kernel_cos)
    __kernel_poly                            0x08004c71   Thumb Code   170  poly.o(i.__kernel_poly)
    __kernel_sin                             0x08004d1d   Thumb Code   224  sin_i.o(i.__kernel_sin)
    __mathlib_dbl_infnan                     0x08004e09   Thumb Code     6  dunder.o(i.__mathlib_dbl_infnan)
    __mathlib_dbl_infnan2                    0x08004e0f   Thumb Code     4  dunder.o(i.__mathlib_dbl_infnan2)
    __mathlib_dbl_invalid                    0x08004e13   Thumb Code    12  dunder.o(i.__mathlib_dbl_invalid)
    __mathlib_dbl_underflow                  0x08004e21   Thumb Code    10  dunder.o(i.__mathlib_dbl_underflow)
    __scatterload_copy                       0x08004e31   Thumb Code    14  handlers.o(i.__scatterload_copy)
    __scatterload_null                       0x08004e3f   Thumb Code     2  handlers.o(i.__scatterload_null)
    __scatterload_zeroinit                   0x08004e41   Thumb Code    14  handlers.o(i.__scatterload_zeroinit)
    __set_errno                              0x08004e51   Thumb Code     6  errno.o(i.__set_errno)
    acos                                     0x08005711   Thumb Code   574  acos.o(i.acos)
    atan                                     0x0800598d   Thumb Code   474  atan.o(i.atan)
    atan2                                    0x08005bad   Thumb Code   346  atan2.o(i.atan2)
    cos                                      0x08005d2d   Thumb Code   148  cos.o(i.cos)
    delay_us                                 0x08005dc9   Thumb Code    38  lib_common_1.o(i.delay_us)
    floor                                    0x08005df5   Thumb Code   204  floor.o(i.floor)
    fputc                                    0x08005ed1   Thumb Code    24  usart.o(i.fputc)
    limit                                    0x08005eed   Thumb Code    64  motor.o(i.limit)
    main                                     0x08005f2d   Thumb Code    46  main.o(i.main)
    min                                      0x08005f5b   Thumb Code    40  motor.o(i.min)
    polor_invense                            0x08005f85   Thumb Code    88  lib_math.o(i.polor_invense)
    polor_vadd                               0x08005fe9   Thumb Code   222  lib_math.o(i.polor_vadd)
    polor_vsub                               0x080060c7   Thumb Code    28  lib_math.o(i.polor_vsub)
    setPWMFreq                               0x080060e5   Thumb Code   134  pca9685.o(i.setPWMFreq)
    sin                                      0x0800617d   Thumb Code   150  sin.o(i.sin)
    sqrt                                     0x0800621d   Thumb Code    76  sqrt.o(i.sqrt)
    SERVO_DEBUG                              0x08006280   Data           1  servo.o(.constdata)
    _SERVO_PULSE_SCALE                       0x08006282   Data          36  servo.o(.constdata)
    SERVO_DEFAULT_ANGLE                      0x080062a8   Data          24  servo.o(.constdata)
    SERVO_OFFSET_ANGLE                       0x080062c0   Data          24  servo.o(.constdata)
    SERVO_ROTATE_DIR                         0x080062d8   Data          24  servo.o(.constdata)
    ROD_LEN                                  0x080062f0   Data          12  robo_arm.o(.constdata)
    AHBPrescTable                            0x080062fc   Data          16  system_stm32f1xx.o(.constdata)
    APBPrescTable                            0x0800630c   Data           8  system_stm32f1xx.o(.constdata)
    __mathlib_zero                           0x08006430   Data           8  qnan.o(.constdata)
    Region$$Table$$Base                      0x08006528   Number         0  anon$$obj.o(Region$$Table)
    Region$$Table$$Limit                     0x08006548   Number         0  anon$$obj.o(Region$$Table)
    connect_flag                             0x20000000   Data           1  ps2.o(.data)
    MODE                                     0x20000004   Data           1  robot.o(.data)
    auto_flag                                0x20000005   Data           1  robot.o(.data)
    get_target                               0x20000006   Data           1  robot.o(.data)
    target_x                                 0x20000008   Data           2  robot.o(.data)
    target_y                                 0x2000000a   Data           2  robot.o(.data)
    radius                                   0x2000000c   Data           2  robot.o(.data)
    clamp                                    0x2000000e   Data           1  robot.o(.data)
    SERVO_ANGLE_SCALE                        0x20000020   Data          72  servo.o(.data)
    MAX_JOINT1_LEN                           0x20000068   Data           4  robo_arm.o(.data)
    MIN_JOINT1_LEN                           0x2000006c   Data           4  robo_arm.o(.data)
    MAX_JOINT2_LEN                           0x20000070   Data           4  robo_arm.o(.data)
    rotate_phi                               0x20000074   Data           4  robo_arm.o(.data)
    claw_rot_rad                             0x20000078   Data           4  robo_arm.o(.data)
    clamp_rad                                0x2000007c   Data           4  robo_arm.o(.data)
    LIMIT_ROTATE_PHI                         0x20000080   Data           8  robo_arm.o(.data)
    USART_RX_STA                             0x20000088   Data           2  usart.o(.data)
    aRxBuffer                                0x2000008a   Data           1  usart.o(.data)
    uart_callback                            0x2000008c   Data           4  usart.o(.data)
    __stdout                                 0x20000090   Data           4  usart.o(.data)
    uwTick                                   0x20000094   Data           4  stm32f1xx_hal.o(.data)
    uwTickPrio                               0x20000098   Data           4  stm32f1xx_hal.o(.data)
    uwTickFreq                               0x2000009c   Data           1  stm32f1xx_hal.o(.data)
    SystemCoreClock                          0x200000a0   Data           4  system_stm32f1xx.o(.data)
    PS2_Data                                 0x200000a8   Data           9  ps2.o(.bss)
    servo                                    0x200000b4   Data          24  servo.o(.bss)
    joint                                    0x200000d0   Data          48  robo_arm.o(.bss)
    rod                                      0x20000100   Data          48  robo_arm.o(.bss)
    LIMIT_ROD_RAD                            0x20000130   Data          24  robo_arm.o(.bss)
    htim2                                    0x20000148   Data          64  tim.o(.bss)
    htim3                                    0x20000188   Data          64  tim.o(.bss)
    USART_RX_BUF                             0x200001c8   Data          30  usart.o(.bss)
    huart1                                   0x200001e8   Data          64  usart.o(.bss)
    htim4                                    0x20000228   Data          64  stm32f1xx_hal_timebase_tim.o(.bss)
    __initial_sp                             0x20000668   Data           0  startup_stm32f103xb.o(STACK)



==============================================================================

Memory Map of the image

  Image Entry point : 0x080000ed

  Load Region LR_IROM1 (Base: 0x08000000, Size: 0x000065f0, Max: 0x00010000, ABSOLUTE)

    Execution Region ER_IROM1 (Exec base: 0x08000000, Load base: 0x08000000, Size: 0x00006548, Max: 0x00010000, ABSOLUTE)

    Exec Addr    Load Addr    Size         Type   Attr      Idx    E Section Name        Object

    0x08000000   0x08000000   0x000000ec   Data   RO            3    RESET               startup_stm32f103xb.o
    0x080000ec   0x080000ec   0x00000000   Code   RO         3516  * .ARM.Collect$$$$00000000  mc_w.l(entry.o)
    0x080000ec   0x080000ec   0x00000004   Code   RO         3865    .ARM.Collect$$$$00000001  mc_w.l(entry2.o)
    0x080000f0   0x080000f0   0x00000004   Code   RO         3868    .ARM.Collect$$$$00000004  mc_w.l(entry5.o)
    0x080000f4   0x080000f4   0x00000000   Code   RO         3870    .ARM.Collect$$$$00000008  mc_w.l(entry7b.o)
    0x080000f4   0x080000f4   0x00000000   Code   RO         3872    .ARM.Collect$$$$0000000A  mc_w.l(entry8b.o)
    0x080000f4   0x080000f4   0x00000008   Code   RO         3873    .ARM.Collect$$$$0000000B  mc_w.l(entry9a.o)
    0x080000fc   0x080000fc   0x00000000   Code   RO         3875    .ARM.Collect$$$$0000000D  mc_w.l(entry10a.o)
    0x080000fc   0x080000fc   0x00000000   Code   RO         3877    .ARM.Collect$$$$0000000F  mc_w.l(entry11a.o)
    0x080000fc   0x080000fc   0x00000004   Code   RO         3866    .ARM.Collect$$$$00002712  mc_w.l(entry2.o)
    0x08000100   0x08000100   0x00000024   Code   RO            4    .text               startup_stm32f103xb.o
    0x08000124   0x08000124   0x00000020   Code   RO         3519    .text               mc_w.l(llushr.o)
    0x08000144   0x08000144   0x00000024   Code   RO         3521    .text               mc_w.l(memcpya.o)
    0x08000168   0x08000168   0x00000024   Code   RO         3523    .text               mc_w.l(memseta.o)
    0x0800018c   0x0800018c   0x000000b0   Code   RO         3788    .text               mf_w.l(fadd.o)
    0x0800023c   0x0800023c   0x00000064   Code   RO         3790    .text               mf_w.l(fmul.o)
    0x080002a0   0x080002a0   0x0000007c   Code   RO         3792    .text               mf_w.l(fdiv.o)
    0x0800031c   0x0800031c   0x0000014e   Code   RO         3794    .text               mf_w.l(dadd.o)
    0x0800046a   0x0800046a   0x000000e4   Code   RO         3796    .text               mf_w.l(dmul.o)
    0x0800054e   0x0800054e   0x000000de   Code   RO         3798    .text               mf_w.l(ddiv.o)
    0x0800062c   0x0800062c   0x00000012   Code   RO         3800    .text               mf_w.l(fflti.o)
    0x0800063e   0x0800063e   0x00000022   Code   RO         3802    .text               mf_w.l(dflti.o)
    0x08000660   0x08000660   0x0000001a   Code   RO         3804    .text               mf_w.l(dfltui.o)
    0x0800067a   0x0800067a   0x00000032   Code   RO         3806    .text               mf_w.l(ffixi.o)
    0x080006ac   0x080006ac   0x0000003e   Code   RO         3808    .text               mf_w.l(dfixi.o)
    0x080006ea   0x080006ea   0x00000032   Code   RO         3810    .text               mf_w.l(dfixui.o)
    0x0800071c   0x0800071c   0x00000026   Code   RO         3812    .text               mf_w.l(f2d.o)
    0x08000742   0x08000742   0x00000002   PAD
    0x08000744   0x08000744   0x00000030   Code   RO         3814    .text               mf_w.l(cdcmple.o)
    0x08000774   0x08000774   0x00000030   Code   RO         3816    .text               mf_w.l(cdrcmple.o)
    0x080007a4   0x080007a4   0x00000038   Code   RO         3818    .text               mf_w.l(d2f.o)
    0x080007dc   0x080007dc   0x00000014   Code   RO         3820    .text               mf_w.l(cfcmple.o)
    0x080007f0   0x080007f0   0x00000014   Code   RO         3822    .text               mf_w.l(cfrcmple.o)
    0x08000804   0x08000804   0x0000002c   Code   RO         3879    .text               mc_w.l(uidiv.o)
    0x08000830   0x08000830   0x00000062   Code   RO         3881    .text               mc_w.l(uldiv.o)
    0x08000892   0x08000892   0x0000001e   Code   RO         3883    .text               mc_w.l(llshl.o)
    0x080008b0   0x080008b0   0x00000024   Code   RO         3885    .text               mc_w.l(llsshr.o)
    0x080008d4   0x080008d4   0x00000000   Code   RO         3894    .text               mc_w.l(iusefp.o)
    0x080008d4   0x080008d4   0x0000006e   Code   RO         3895    .text               mf_w.l(fepilogue.o)
    0x08000942   0x08000942   0x000000ba   Code   RO         3897    .text               mf_w.l(depilogue.o)
    0x080009fc   0x080009fc   0x0000002e   Code   RO         3899    .text               mf_w.l(dscalb.o)
    0x08000a2a   0x08000a2a   0x000000a2   Code   RO         3901    .text               mf_w.l(dsqrt.o)
    0x08000acc   0x08000acc   0x00000030   Code   RO         3903    .text               mf_w.l(dfixul.o)
    0x08000afc   0x08000afc   0x00000024   Code   RO         3907    .text               mc_w.l(init.o)
    0x08000b20   0x08000b20   0x00000054   Code   RO          830    i.ApplicateJoint1   robo_arm.o
    0x08000b74   0x08000b74   0x0000015c   Code   RO          831    i.ApplicateJoint2   robo_arm.o
    0x08000cd0   0x08000cd0   0x00000114   Code   RO          832    i.ApplicateRod      robo_arm.o
    0x08000de4   0x08000de4   0x00000044   Code   RO          632    i.AutoGo            robot.o
    0x08000e28   0x08000e28   0x00000004   Code   RO         1128    i.BusFault_Handler  stm32f1xx_it.o
    0x08000e2c   0x08000e2c   0x000000ac   Code   RO          633    i.CamDataCallBack   robot.o
    0x08000ed8   0x08000ed8   0x00000046   Code   RO          634    i.CarGo             robot.o
    0x08000f1e   0x08000f1e   0x00000002   PAD
    0x08000f20   0x08000f20   0x00000018   Code   RO          247    i.ClearData         ps2.o
    0x08000f38   0x08000f38   0x0000008c   Code   RO          417    i.CosLaw_SolAng     lib_math.o
    0x08000fc4   0x08000fc4   0x00000082   Code   RO          419    i.CosLaw_SolSide    lib_math.o
    0x08001046   0x08001046   0x00000002   Code   RO         1129    i.DebugMon_Handler  stm32f1xx_it.o
    0x08001048   0x08001048   0x00000002   Code   RO          916    i.Error_Handler     main.o
    0x0800104a   0x0800104a   0x00000002   PAD
    0x0800104c   0x0800104c   0x0000026c   Code   RO          635    i.Follow            robot.o
    0x080012b8   0x080012b8   0x00000020   Code   RO          738    i.GetServoAngle     servo.o
    0x080012d8   0x080012d8   0x000000b0   Code   RO         2887    i.HAL_DMA_Abort_IT  stm32f1xx_hal_dma.o
    0x08001388   0x08001388   0x00000028   Code   RO         2521    i.HAL_Delay         stm32f1xx_hal.o
    0x080013b0   0x080013b0   0x0000031c   Code   RO         2822    i.HAL_GPIO_Init     stm32f1xx_hal_gpio.o
    0x080016cc   0x080016cc   0x0000000c   Code   RO         2826    i.HAL_GPIO_WritePin  stm32f1xx_hal_gpio.o
    0x080016d8   0x080016d8   0x0000000c   Code   RO         2525    i.HAL_GetTick       stm32f1xx_hal.o
    0x080016e4   0x080016e4   0x00000018   Code   RO         2529    i.HAL_IncTick       stm32f1xx_hal.o
    0x080016fc   0x080016fc   0x00000028   Code   RO         2530    i.HAL_Init          stm32f1xx_hal.o
    0x08001724   0x08001724   0x00000088   Code   RO         1234    i.HAL_InitTick      stm32f1xx_hal_timebase_tim.o
    0x080017ac   0x080017ac   0x00000054   Code   RO         1210    i.HAL_MspInit       stm32f1xx_hal_msp.o
    0x08001800   0x08001800   0x0000001a   Code   RO         2982    i.HAL_NVIC_EnableIRQ  stm32f1xx_hal_cortex.o
    0x0800181a   0x0800181a   0x0000007c   Code   RO         2988    i.HAL_NVIC_SetPriority  stm32f1xx_hal_cortex.o
    0x08001896   0x08001896   0x00000002   PAD
    0x08001898   0x08001898   0x00000028   Code   RO         2989    i.HAL_NVIC_SetPriorityGrouping  stm32f1xx_hal_cortex.o
    0x080018c0   0x080018c0   0x000001d0   Code   RO         2677    i.HAL_RCC_ClockConfig  stm32f1xx_hal_rcc.o
    0x08001a90   0x08001a90   0x00000044   Code   RO         2681    i.HAL_RCC_GetClockConfig  stm32f1xx_hal_rcc.o
    0x08001ad4   0x08001ad4   0x0000000c   Code   RO         2682    i.HAL_RCC_GetHCLKFreq  stm32f1xx_hal_rcc.o
    0x08001ae0   0x08001ae0   0x00000020   Code   RO         2684    i.HAL_RCC_GetPCLK1Freq  stm32f1xx_hal_rcc.o
    0x08001b00   0x08001b00   0x00000020   Code   RO         2685    i.HAL_RCC_GetPCLK2Freq  stm32f1xx_hal_rcc.o
    0x08001b20   0x08001b20   0x00000094   Code   RO         2686    i.HAL_RCC_GetSysClockFreq  stm32f1xx_hal_rcc.o
    0x08001bb4   0x08001bb4   0x00000440   Code   RO         2689    i.HAL_RCC_OscConfig  stm32f1xx_hal_rcc.o
    0x08001ff4   0x08001ff4   0x00000002   Code   RO         1950    i.HAL_TIMEx_BreakCallback  stm32f1xx_hal_tim_ex.o
    0x08001ff6   0x08001ff6   0x00000002   Code   RO         1951    i.HAL_TIMEx_CommutationCallback  stm32f1xx_hal_tim_ex.o
    0x08001ff8   0x08001ff8   0x00000062   Code   RO         1967    i.HAL_TIMEx_MasterConfigSynchronization  stm32f1xx_hal_tim_ex.o
    0x0800205a   0x0800205a   0x00000034   Code   RO         1311    i.HAL_TIM_Base_Init  stm32f1xx_hal_tim.o
    0x0800208e   0x0800208e   0x00000002   PAD
    0x08002090   0x08002090   0x00000030   Code   RO          986    i.HAL_TIM_Base_MspInit  tim.o
    0x080020c0   0x080020c0   0x0000001e   Code   RO         1314    i.HAL_TIM_Base_Start  stm32f1xx_hal_tim.o
    0x080020de   0x080020de   0x0000001e   Code   RO         1316    i.HAL_TIM_Base_Start_IT  stm32f1xx_hal_tim.o
    0x080020fc   0x080020fc   0x00000038   Code   RO         1317    i.HAL_TIM_Base_Stop  stm32f1xx_hal_tim.o
    0x08002134   0x08002134   0x00000132   Code   RO         1320    i.HAL_TIM_ConfigClockSource  stm32f1xx_hal_tim.o
    0x08002266   0x08002266   0x00000002   Code   RO         1340    i.HAL_TIM_IC_CaptureCallback  stm32f1xx_hal_tim.o
    0x08002268   0x08002268   0x00000196   Code   RO         1353    i.HAL_TIM_IRQHandler  stm32f1xx_hal_tim.o
    0x080023fe   0x080023fe   0x00000002   PAD
    0x08002400   0x08002400   0x00000070   Code   RO          987    i.HAL_TIM_MspPostInit  tim.o
    0x08002470   0x08002470   0x00000002   Code   RO         1356    i.HAL_TIM_OC_DelayElapsedCallback  stm32f1xx_hal_tim.o
    0x08002472   0x08002472   0x00000108   Code   RO         1377    i.HAL_TIM_PWM_ConfigChannel  stm32f1xx_hal_tim.o
    0x0800257a   0x0800257a   0x00000034   Code   RO         1380    i.HAL_TIM_PWM_Init  stm32f1xx_hal_tim.o
    0x080025ae   0x080025ae   0x00000002   PAD
    0x080025b0   0x080025b0   0x0000002c   Code   RO          989    i.HAL_TIM_PWM_MspInit  tim.o
    0x080025dc   0x080025dc   0x00000002   Code   RO         1383    i.HAL_TIM_PWM_PulseFinishedCallback  stm32f1xx_hal_tim.o
    0x080025de   0x080025de   0x00000002   PAD
    0x080025e0   0x080025e0   0x00000040   Code   RO         1384    i.HAL_TIM_PWM_Start  stm32f1xx_hal_tim.o
    0x08002620   0x08002620   0x00000018   Code   RO          917    i.HAL_TIM_PeriodElapsedCallback  main.o
    0x08002638   0x08002638   0x00000002   Code   RO         1394    i.HAL_TIM_TriggerCallback  stm32f1xx_hal_tim.o
    0x0800263a   0x0800263a   0x00000002   Code   RO         2204    i.HAL_UART_ErrorCallback  stm32f1xx_hal_uart.o
    0x0800263c   0x0800263c   0x00000014   Code   RO         2206    i.HAL_UART_GetState  stm32f1xx_hal_uart.o
    0x08002650   0x08002650   0x0000014c   Code   RO         2207    i.HAL_UART_IRQHandler  stm32f1xx_hal_uart.o
    0x0800279c   0x0800279c   0x00000072   Code   RO         2208    i.HAL_UART_Init     stm32f1xx_hal_uart.o
    0x0800280e   0x0800280e   0x00000002   PAD
    0x08002810   0x08002810   0x000000c8   Code   RO         1052    i.HAL_UART_MspInit  usart.o
    0x080028d8   0x080028d8   0x00000070   Code   RO         2213    i.HAL_UART_Receive_IT  stm32f1xx_hal_uart.o
    0x08002948   0x08002948   0x000000a8   Code   RO         1053    i.HAL_UART_RxCpltCallback  usart.o
    0x080029f0   0x080029f0   0x00000002   Code   RO         2219    i.HAL_UART_TxCpltCallback  stm32f1xx_hal_uart.o
    0x080029f2   0x080029f2   0x00000004   Code   RO         1130    i.HardFault_Handler  stm32f1xx_it.o
    0x080029f6   0x080029f6   0x00000002   PAD
    0x080029f8   0x080029f8   0x00000050   Code   RO          542    i.IIC_Ack           i2c.o
    0x08002a48   0x08002a48   0x00000050   Code   RO          544    i.IIC_NAck          i2c.o
    0x08002a98   0x08002a98   0x00000070   Code   RO          547    i.IIC_Read_Byte     i2c.o
    0x08002b08   0x08002b08   0x00000068   Code   RO          548    i.IIC_Send_Byte     i2c.o
    0x08002b70   0x08002b70   0x0000004c   Code   RO          549    i.IIC_Start         i2c.o
    0x08002bbc   0x08002bbc   0x0000004c   Code   RO          550    i.IIC_Stop          i2c.o
    0x08002c08   0x08002c08   0x00000064   Code   RO          551    i.IIC_Wait_Ack      i2c.o
    0x08002c6c   0x08002c6c   0x0000000c   Code   RO          248    i.IsPS2_OK          ps2.o
    0x08002c78   0x08002c78   0x00000020   Code   RO          249    i.IsPushed          ps2.o
    0x08002c98   0x08002c98   0x000000e4   Code   RO          961    i.MX_GPIO_Init      gpio.o
    0x08002d7c   0x08002d7c   0x00000088   Code   RO          990    i.MX_TIM2_Init      tim.o
    0x08002e04   0x08002e04   0x0000006c   Code   RO          991    i.MX_TIM3_Init      tim.o
    0x08002e70   0x08002e70   0x00000038   Code   RO         1054    i.MX_USART1_UART_Init  usart.o
    0x08002ea8   0x08002ea8   0x00000004   Code   RO         1131    i.MemManage_Handler  stm32f1xx_it.o
    0x08002eac   0x08002eac   0x00000018   Code   RO           13    i.MotorInit         motor.o
    0x08002ec4   0x08002ec4   0x00000100   Code   RO           14    i.MotorSetPwm       motor.o
    0x08002fc4   0x08002fc4   0x00000068   Code   RO           15    i.MotorStop         motor.o
    0x0800302c   0x0800302c   0x00000002   Code   RO         1132    i.NMI_Handler       stm32f1xx_it.o
    0x0800302e   0x0800302e   0x00000002   PAD
    0x08003030   0x08003030   0x00000010   Code   RO         2995    i.NVIC_GetPriorityGrouping  stm32f1xx_hal_cortex.o
    0x08003040   0x08003040   0x00000028   Code   RO         2996    i.NVIC_SetPriority  stm32f1xx_hal_cortex.o
    0x08003068   0x08003068   0x0000003a   Code   RO          181    i.PCA9685_read      pca9685.o
    0x080030a2   0x080030a2   0x0000002e   Code   RO          182    i.PCA9685_write     pca9685.o
    0x080030d0   0x080030d0   0x00000088   Code   RO          250    i.PS2_Cmd           ps2.o
    0x08003158   0x08003158   0x0000005c   Code   RO          251    i.PS2_EnterConfig   ps2.o
    0x080031b4   0x080031b4   0x0000005c   Code   RO          252    i.PS2_ExitConfig    ps2.o
    0x08003210   0x08003210   0x00000010   Code   RO          253    i.PS2_GetLX         ps2.o
    0x08003220   0x08003220   0x00000010   Code   RO          254    i.PS2_GetLY         ps2.o
    0x08003230   0x08003230   0x00000010   Code   RO          255    i.PS2_GetRX         ps2.o
    0x08003240   0x08003240   0x00000010   Code   RO          256    i.PS2_GetRY         ps2.o
    0x08003250   0x08003250   0x00000008   Code   RO          257    i.PS2_Init          ps2.o
    0x08003258   0x08003258   0x000000ac   Code   RO          258    i.PS2_ReadData      ps2.o
    0x08003304   0x08003304   0x00000020   Code   RO          260    i.PS2_SetInit       ps2.o
    0x08003324   0x08003324   0x00000044   Code   RO          261    i.PS2_ShortPoll     ps2.o
    0x08003368   0x08003368   0x00000058   Code   RO          263    i.PS2_TurnOnAnalogMode  ps2.o
    0x080033c0   0x080033c0   0x0000002c   Code   RO          264    i.PS2_Update        ps2.o
    0x080033ec   0x080033ec   0x00000044   Code   RO          266    i.PS2_VibrationMode  ps2.o
    0x08003430   0x08003430   0x00000002   Code   RO         1133    i.PendSV_Handler    stm32f1xx_it.o
    0x08003432   0x08003432   0x00000002   PAD
    0x08003434   0x08003434   0x00000028   Code   RO         2690    i.RCC_Delay         stm32f1xx_hal_rcc.o
    0x0800345c   0x0800345c   0x0000013c   Code   RO          637    i.RoboArmGo_sph     robot.o
    0x08003598   0x08003598   0x00000388   Code   RO          833    i.RoboArmInit       robo_arm.o
    0x08003920   0x08003920   0x00000268   Code   RO          834    i.RoboArmUpdateState  robo_arm.o
    0x08003b88   0x08003b88   0x0000001c   Code   RO          638    i.RobotInit         robot.o
    0x08003ba4   0x08003ba4   0x00000022   Code   RO          639    i.RobotTest         robot.o
    0x08003bc6   0x08003bc6   0x00000002   Code   RO         1134    i.SVC_Handler       stm32f1xx_it.o
    0x08003bc8   0x08003bc8   0x00000048   Code   RO          739    i.ServoDirCtl       servo.o
    0x08003c10   0x08003c10   0x000000c8   Code   RO          740    i.ServoInit         servo.o
    0x08003cd8   0x08003cd8   0x00000030   Code   RO          741    i.ServoStart        servo.o
    0x08003d08   0x08003d08   0x00000098   Code   RO          838    i.SetArmMotion_sph_rel  robo_arm.o
    0x08003da0   0x08003da0   0x00000034   Code   RO          839    i.SetArmPos_sph     robo_arm.o
    0x08003dd4   0x08003dd4   0x00000018   Code   RO          641    i.SetFollow         robot.o
    0x08003dec   0x08003dec   0x00000064   Code   RO          743    i.SetServoAngle     servo.o
    0x08003e50   0x08003e50   0x00000068   Code   RO          745    i.SetServoRad       servo.o
    0x08003eb8   0x08003eb8   0x00000018   Code   RO          746    i.SetServoStop      servo.o
    0x08003ed0   0x08003ed0   0x0000000c   Code   RO         1055    i.SetUARTCallBack   usart.o
    0x08003edc   0x08003edc   0x00000020   Code   RO          642    i.StopFollow        robot.o
    0x08003efc   0x08003efc   0x00000002   Code   RO         1135    i.SysTick_Handler   stm32f1xx_it.o
    0x08003efe   0x08003efe   0x00000066   Code   RO          918    i.SystemClock_Config  main.o
    0x08003f64   0x08003f64   0x00000058   Code   RO         3437    i.SystemInit        system_stm32f1xx.o
    0x08003fbc   0x08003fbc   0x00000010   Code   RO         1136    i.TIM4_IRQHandler   stm32f1xx_it.o
    0x08003fcc   0x08003fcc   0x00000074   Code   RO         1395    i.TIM_Base_SetConfig  stm32f1xx_hal_tim.o
    0x08004040   0x08004040   0x0000001c   Code   RO         1396    i.TIM_CCxChannelCmd  stm32f1xx_hal_tim.o
    0x0800405c   0x0800405c   0x00000018   Code   RO         1402    i.TIM_ETR_SetConfig  stm32f1xx_hal_tim.o
    0x08004074   0x08004074   0x00000014   Code   RO         1403    i.TIM_ITRx_SetConfig  stm32f1xx_hal_tim.o
    0x08004088   0x08004088   0x00000064   Code   RO         1404    i.TIM_OC1_SetConfig  stm32f1xx_hal_tim.o
    0x080040ec   0x080040ec   0x00000070   Code   RO         1405    i.TIM_OC2_SetConfig  stm32f1xx_hal_tim.o
    0x0800415c   0x0800415c   0x0000006c   Code   RO         1406    i.TIM_OC3_SetConfig  stm32f1xx_hal_tim.o
    0x080041c8   0x080041c8   0x00000050   Code   RO         1407    i.TIM_OC4_SetConfig  stm32f1xx_hal_tim.o
    0x08004218   0x08004218   0x0000002a   Code   RO         1409    i.TIM_TI1_ConfigInputStage  stm32f1xx_hal_tim.o
    0x08004242   0x08004242   0x0000002c   Code   RO         1411    i.TIM_TI2_ConfigInputStage  stm32f1xx_hal_tim.o
    0x0800426e   0x0800426e   0x00000002   PAD
    0x08004270   0x08004270   0x000000a8   Code   RO          421    i.TriVect_SolAng    lib_math.o
    0x08004318   0x08004318   0x00000014   Code   RO         2221    i.UART_DMAAbortOnError  stm32f1xx_hal_uart.o
    0x0800432c   0x0800432c   0x00000020   Code   RO         2231    i.UART_EndRxTransfer  stm32f1xx_hal_uart.o
    0x0800434c   0x0800434c   0x00000020   Code   RO         2232    i.UART_EndTransmit_IT  stm32f1xx_hal_uart.o
    0x0800436c   0x0800436c   0x000000a6   Code   RO         2234    i.UART_Receive_IT   stm32f1xx_hal_uart.o
    0x08004412   0x08004412   0x00000002   PAD
    0x08004414   0x08004414   0x000001c8   Code   RO         2235    i.UART_SetConfig    stm32f1xx_hal_uart.o
    0x080045dc   0x080045dc   0x00000068   Code   RO         2236    i.UART_Transmit_IT  stm32f1xx_hal_uart.o
    0x08004644   0x08004644   0x00000030   Code   RO         1056    i.USART1_IRQHandler  usart.o
    0x08004674   0x08004674   0x00000004   Code   RO         1137    i.UsageFault_Handler  stm32f1xx_it.o
    0x08004678   0x08004678   0x000000f4   Code   RO          747    i._SetServoAngle    servo.o
    0x0800476c   0x0800476c   0x00000038   Code   RO          748    i._SetServoPulseValue  servo.o
    0x080047a4   0x080047a4   0x00000020   Code   RO         3760    i.__0printf         mc_w.l(printfa.o)
    0x080047c4   0x080047c4   0x00000028   Code   RO         3905    i.__ARM_fpclassify  m_ws.l(fpclassify.o)
    0x080047ec   0x080047ec   0x00000388   Code   RO         3854    i.__ieee754_rem_pio2  m_ws.l(rred.o)
    0x08004b74   0x08004b74   0x000000fc   Code   RO         3834    i.__kernel_cos      m_ws.l(cos_i.o)
    0x08004c70   0x08004c70   0x000000aa   Code   RO         3851    i.__kernel_poly     m_ws.l(poly.o)
    0x08004d1a   0x08004d1a   0x00000002   PAD
    0x08004d1c   0x08004d1c   0x000000ec   Code   RO         3859    i.__kernel_sin      m_ws.l(sin_i.o)
    0x08004e08   0x08004e08   0x00000006   Code   RO         3838    i.__mathlib_dbl_infnan  m_ws.l(dunder.o)
    0x08004e0e   0x08004e0e   0x00000004   Code   RO         3839    i.__mathlib_dbl_infnan2  m_ws.l(dunder.o)
    0x08004e12   0x08004e12   0x0000000c   Code   RO         3840    i.__mathlib_dbl_invalid  m_ws.l(dunder.o)
    0x08004e1e   0x08004e1e   0x00000002   PAD
    0x08004e20   0x08004e20   0x00000010   Code   RO         3843    i.__mathlib_dbl_underflow  m_ws.l(dunder.o)
    0x08004e30   0x08004e30   0x0000000e   Code   RO         3911    i.__scatterload_copy  mc_w.l(handlers.o)
    0x08004e3e   0x08004e3e   0x00000002   Code   RO         3912    i.__scatterload_null  mc_w.l(handlers.o)
    0x08004e40   0x08004e40   0x0000000e   Code   RO         3913    i.__scatterload_zeroinit  mc_w.l(handlers.o)
    0x08004e4e   0x08004e4e   0x00000002   PAD
    0x08004e50   0x08004e50   0x0000000c   Code   RO         3889    i.__set_errno       mc_w.l(errno.o)
    0x08004e5c   0x08004e5c   0x00000184   Code   RO         3767    i._fp_digits        mc_w.l(printfa.o)
    0x08004fe0   0x08004fe0   0x000006dc   Code   RO         3768    i._printf_core      mc_w.l(printfa.o)
    0x080056bc   0x080056bc   0x00000024   Code   RO         3769    i._printf_post_padding  mc_w.l(printfa.o)
    0x080056e0   0x080056e0   0x0000002e   Code   RO         3770    i._printf_pre_padding  mc_w.l(printfa.o)
    0x0800570e   0x0800570e   0x00000002   PAD
    0x08005710   0x08005710   0x0000027c   Code   RO         3471    i.acos              m_ws.l(acos.o)
    0x0800598c   0x0800598c   0x00000220   Code   RO         3825    i.atan              m_ws.l(atan.o)
    0x08005bac   0x08005bac   0x00000180   Code   RO         3481    i.atan2             m_ws.l(atan2.o)
    0x08005d2c   0x08005d2c   0x0000009c   Code   RO         3489    i.cos               m_ws.l(cos.o)
    0x08005dc8   0x08005dc8   0x0000002c   Code   RO          387    i.delay_us          lib_common_1.o
    0x08005df4   0x08005df4   0x000000dc   Code   RO         3497    i.floor             m_ws.l(floor.o)
    0x08005ed0   0x08005ed0   0x0000001c   Code   RO         1058    i.fputc             usart.o
    0x08005eec   0x08005eec   0x00000040   Code   RO           43    i.limit             motor.o
    0x08005f2c   0x08005f2c   0x0000002e   Code   RO          919    i.main              main.o
    0x08005f5a   0x08005f5a   0x00000028   Code   RO           66    i.min               motor.o
    0x08005f82   0x08005f82   0x00000002   PAD
    0x08005f84   0x08005f84   0x00000064   Code   RO          428    i.polor_invense     lib_math.o
    0x08005fe8   0x08005fe8   0x000000de   Code   RO          429    i.polor_vadd        lib_math.o
    0x080060c6   0x080060c6   0x0000001c   Code   RO          430    i.polor_vsub        lib_math.o
    0x080060e2   0x080060e2   0x00000002   PAD
    0x080060e4   0x080060e4   0x00000098   Code   RO          186    i.setPWMFreq        pca9685.o
    0x0800617c   0x0800617c   0x000000a0   Code   RO         3501    i.sin               m_ws.l(sin.o)
    0x0800621c   0x0800621c   0x0000004c   Code   RO         3509    i.sqrt              m_ws.l(sqrt.o)
    0x08006268   0x08006268   0x00000018   Data   RO          643    .constdata          robot.o
    0x08006280   0x08006280   0x00000070   Data   RO          750    .constdata          servo.o
    0x080062f0   0x080062f0   0x0000000c   Data   RO          841    .constdata          robo_arm.o
    0x080062fc   0x080062fc   0x00000018   Data   RO         3438    .constdata          system_stm32f1xx.o
    0x08006314   0x08006314   0x00000004   PAD
    0x08006318   0x08006318   0x00000050   Data   RO         3472    .constdata          m_ws.l(acos.o)
    0x08006368   0x08006368   0x00000098   Data   RO         3826    .constdata          m_ws.l(atan.o)
    0x08006400   0x08006400   0x00000030   Data   RO         3835    .constdata          m_ws.l(cos_i.o)
    0x08006430   0x08006430   0x00000008   Data   RO         3853    .constdata          m_ws.l(qnan.o)
    0x08006438   0x08006438   0x000000c8   Data   RO         3856    .constdata          m_ws.l(rred.o)
    0x08006500   0x08006500   0x00000028   Data   RO         3860    .constdata          m_ws.l(sin_i.o)
    0x08006528   0x08006528   0x00000020   Data   RO         3909    Region$$Table       anon$$obj.o


    Execution Region RW_IRAM1 (Exec base: 0x20000000, Load base: 0x08006548, Size: 0x00000668, Max: 0x00005000, ABSOLUTE)

    Exec Addr    Load Addr    Size         Type   Attr      Idx    E Section Name        Object

    0x20000000   0x08006548   0x00000001   Data   RW          269    .data               ps2.o
    0x20000001   0x08006549   0x00000003   PAD
    0x20000004   0x0800654c   0x00000019   Data   RW          644    .data               robot.o
    0x2000001d   0x08006565   0x00000003   PAD
    0x20000020   0x08006568   0x00000048   Data   RW          751    .data               servo.o
    0x20000068   0x080065b0   0x00000020   Data   RW          842    .data               robo_arm.o
    0x20000088   0x080065d0   0x0000000c   Data   RW         1060    .data               usart.o
    0x20000094   0x080065dc   0x00000009   Data   RW         2537    .data               stm32f1xx_hal.o
    0x2000009d   0x080065e5   0x00000003   PAD
    0x200000a0   0x080065e8   0x00000004   Data   RW         3439    .data               system_stm32f1xx.o
    0x200000a4   0x080065ec   0x00000004   Data   RW         3890    .data               mc_w.l(errno.o)
    0x200000a8        -       0x00000009   Zero   RW          267    .bss                ps2.o
    0x200000b1   0x080065f0   0x00000003   PAD
    0x200000b4        -       0x00000018   Zero   RW          749    .bss                servo.o
    0x200000cc   0x080065f0   0x00000004   PAD
    0x200000d0        -       0x00000078   Zero   RW          840    .bss                robo_arm.o
    0x20000148        -       0x00000080   Zero   RW          992    .bss                tim.o
    0x200001c8        -       0x00000060   Zero   RW         1059    .bss                usart.o
    0x20000228        -       0x00000040   Zero   RW         1237    .bss                stm32f1xx_hal_timebase_tim.o
    0x20000268        -       0x00000400   Zero   RW            1    STACK               startup_stm32f103xb.o


==============================================================================

Image component sizes


      Code (inc. data)   RO Data    RW Data    ZI Data      Debug   Object Name

       228         12          0          0          0        963   gpio.o
       628         96          0          0          0       3607   i2c.o
        44          6          0          0          0        799   lib_common_1.o
       788         22          0          0          0       4232   lib_math.o
       174          6          0          0          0       2412   main.o
       488         38          0          0          0     434108   motor.o
       256         18          0          0          0       1796   pca9685.o
       932        116          0          1          9       8605   ps2.o
      2432        136         12         32        120       7203   robo_arm.o
      1364        168         24         25          0       6640   robot.o
       880         76        112         72         24       6300   servo.o
        36          8        236          0       1024        808   startup_stm32f103xb.o
       116         24          0          9          0       5302   stm32f1xx_hal.o
       246         22          0          0          0      25550   stm32f1xx_hal_cortex.o
       176          4          0          0          0       1107   stm32f1xx_hal_dma.o
       808         32          0          0          0       2680   stm32f1xx_hal_gpio.o
        84          8          0          0          0        882   stm32f1xx_hal_msp.o
      1884        118          0          0          0       6657   stm32f1xx_hal_rcc.o
      1942         38          0          0          0      16063   stm32f1xx_hal_tim.o
       102          0          0          0          0       2290   stm32f1xx_hal_tim_ex.o
       136         18          0          0         64       1463   stm32f1xx_hal_timebase_tim.o
      1392         12          0          0          0       8355   stm32f1xx_hal_uart.o
        42          6          0          0          0       4324   stm32f1xx_it.o
        88         18         24          4          0       1187   system_stm32f1xx.o
       448         38          0          0        128       3459   tim.o
       512         70          0         12         96       5360   usart.o

    ----------------------------------------------------------------------
     16256       1110        444        164       1472     562152   Object Totals
         0          0         32          0          0          0   (incl. Generated)
        30          0          4          9          7          0   (incl. Padding)

    ----------------------------------------------------------------------

      Code (inc. data)   RO Data    RW Data    ZI Data      Debug   Library Member Name

       636         62         80          0          0        188   acos.o
       544         70        152          0          0        124   atan.o
       384         38          0          0          0        144   atan2.o
       156          8          0          0          0        104   cos.o
       252         22         48          0          0        124   cos_i.o
        38          6          0          0          0        272   dunder.o
       220         16          0          0          0         84   floor.o
        40          0          0          0          0         68   fpclassify.o
       170          0          0          0          0         96   poly.o
         0          0          8          0          0          0   qnan.o
       904         76        200          0          0        140   rred.o
       160         10          0          0          0        108   sin.o
       236         12         40          0          0        128   sin_i.o
        76          0          0          0          0         84   sqrt.o
         0          0          0          0          0          0   entry.o
         0          0          0          0          0          0   entry10a.o
         0          0          0          0          0          0   entry11a.o
         8          4          0          0          0          0   entry2.o
         4          0          0          0          0          0   entry5.o
         0          0          0          0          0          0   entry7b.o
         0          0          0          0          0          0   entry8b.o
         8          4          0          0          0          0   entry9a.o
        12          6          0          4          0         68   errno.o
        30          0          0          0          0          0   handlers.o
        36          8          0          0          0         68   init.o
         0          0          0          0          0          0   iusefp.o
        30          0          0          0          0         68   llshl.o
        36          0          0          0          0         68   llsshr.o
        32          0          0          0          0         68   llushr.o
        36          0          0          0          0         68   memcpya.o
        36          0          0          0          0        108   memseta.o
      2258         90          0          0          0        452   printfa.o
        44          0          0          0          0         80   uidiv.o
        98          0          0          0          0         92   uldiv.o
        48          0          0          0          0         68   cdcmple.o
        48          0          0          0          0         68   cdrcmple.o
        20          0          0          0          0         68   cfcmple.o
        20          0          0          0          0         68   cfrcmple.o
        56          0          0          0          0         88   d2f.o
       334          0          0          0          0        148   dadd.o
       222          0          0          0          0        100   ddiv.o
       186          0          0          0          0        176   depilogue.o
        62          0          0          0          0         80   dfixi.o
        50          0          0          0          0         76   dfixui.o
        48          0          0          0          0         68   dfixul.o
        34          0          0          0          0         76   dflti.o
        26          0          0          0          0         76   dfltui.o
       228          0          0          0          0         96   dmul.o
        46          0          0          0          0         80   dscalb.o
       162          0          0          0          0        100   dsqrt.o
        38          0          0          0          0         68   f2d.o
       176          0          0          0          0        140   fadd.o
       124          0          0          0          0         88   fdiv.o
       110          0          0          0          0        168   fepilogue.o
        50          0          0          0          0         68   ffixi.o
        18          0          0          0          0         68   fflti.o
       100          0          0          0          0         76   fmul.o

    ----------------------------------------------------------------------
      8700        432        528          4          0       4916   Library Totals
        10          0          0          0          0          0   (incl. Padding)

    ----------------------------------------------------------------------

      Code (inc. data)   RO Data    RW Data    ZI Data      Debug   Library Name

      3816        320        528          0          0       1664   m_ws.l
      2668        112          0          4          0       1140   mc_w.l
      2206          0          0          0          0       2112   mf_w.l

    ----------------------------------------------------------------------
      8700        432        528          4          0       4916   Library Totals

    ----------------------------------------------------------------------

==============================================================================


      Code (inc. data)   RO Data    RW Data    ZI Data      Debug   

     24956       1542        972        168       1472     557028   Grand Totals
     24956       1542        972        168       1472     557028   ELF Image Totals
     24956       1542        972        168          0          0   ROM Totals

==============================================================================

    Total RO  Size (Code + RO Data)                25928 (  25.32kB)
    Total RW  Size (RW Data + ZI Data)              1640 (   1.60kB)
    Total ROM Size (Code + RO Data + RW Data)      26096 (  25.48kB)

==============================================================================

